Archive member included to satisfy reference by file (symbol)

d:/9 2019-q4-major/bin/../lib/gcc/arm-none-eabi/9.2.1/thumb/v6-m/nofp\libgcc.a(_dvmd_tls.o)
                              CMakeFiles/SEG.dir/D_/pico-env/pico-sdk/src/rp2_common/pico_divider/divider.S.obj (__aeabi_idiv0)
d:/9 2019-q4-major/bin/../lib/gcc/arm-none-eabi/9.2.1/../../../../arm-none-eabi/lib/thumb/v6-m/nofp\libg.a(lib_a-calloc.o)
                              CMakeFiles/SEG.dir/D_/pico-env/pico-sdk/src/rp2_common/pico_malloc/pico_malloc.c.obj (calloc)
d:/9 2019-q4-major/bin/../lib/gcc/arm-none-eabi/9.2.1/../../../../arm-none-eabi/lib/thumb/v6-m/nofp\libg.a(lib_a-callocr.o)
                              d:/9 2019-q4-major/bin/../lib/gcc/arm-none-eabi/9.2.1/../../../../arm-none-eabi/lib/thumb/v6-m/nofp\libg.a(lib_a-calloc.o) (_calloc_r)
d:/9 2019-q4-major/bin/../lib/gcc/arm-none-eabi/9.2.1/../../../../arm-none-eabi/lib/thumb/v6-m/nofp\libg.a(lib_a-ctype_.o)
                              CMakeFiles/SEG.dir/D_/pico-env/pico-sdk/lib/tinyusb/src/tusb.c.obj (_ctype_)
d:/9 2019-q4-major/bin/../lib/gcc/arm-none-eabi/9.2.1/../../../../arm-none-eabi/lib/thumb/v6-m/nofp\libg.a(lib_a-impure.o)
                              d:/9 2019-q4-major/bin/../lib/gcc/arm-none-eabi/9.2.1/../../../../arm-none-eabi/lib/thumb/v6-m/nofp\libg.a(lib_a-calloc.o) (_impure_ptr)
d:/9 2019-q4-major/bin/../lib/gcc/arm-none-eabi/9.2.1/../../../../arm-none-eabi/lib/thumb/v6-m/nofp\libg.a(lib_a-init.o)
                              d:/9 2019-q4-major/bin/../lib/gcc/arm-none-eabi/9.2.1/../../../../arm-none-eabi/lib/thumb/v6-m/nofp/crt0.o (__libc_init_array)
d:/9 2019-q4-major/bin/../lib/gcc/arm-none-eabi/9.2.1/../../../../arm-none-eabi/lib/thumb/v6-m/nofp\libg.a(lib_a-malloc.o)
                              CMakeFiles/SEG.dir/D_/pico-env/pico-sdk/src/rp2_common/pico_malloc/pico_malloc.c.obj (malloc)
d:/9 2019-q4-major/bin/../lib/gcc/arm-none-eabi/9.2.1/../../../../arm-none-eabi/lib/thumb/v6-m/nofp\libg.a(lib_a-mallocr.o)
                              d:/9 2019-q4-major/bin/../lib/gcc/arm-none-eabi/9.2.1/../../../../arm-none-eabi/lib/thumb/v6-m/nofp\libg.a(lib_a-callocr.o) (_malloc_r)
d:/9 2019-q4-major/bin/../lib/gcc/arm-none-eabi/9.2.1/../../../../arm-none-eabi/lib/thumb/v6-m/nofp\libg.a(lib_a-mlock.o)
                              d:/9 2019-q4-major/bin/../lib/gcc/arm-none-eabi/9.2.1/../../../../arm-none-eabi/lib/thumb/v6-m/nofp\libg.a(lib_a-mallocr.o) (__malloc_lock)
d:/9 2019-q4-major/bin/../lib/gcc/arm-none-eabi/9.2.1/../../../../arm-none-eabi/lib/thumb/v6-m/nofp\libg.a(lib_a-realloc.o)
                              CMakeFiles/SEG.dir/D_/pico-env/pico-sdk/src/rp2_common/pico_malloc/pico_malloc.c.obj (realloc)
d:/9 2019-q4-major/bin/../lib/gcc/arm-none-eabi/9.2.1/../../../../arm-none-eabi/lib/thumb/v6-m/nofp\libg.a(lib_a-reallocr.o)
                              d:/9 2019-q4-major/bin/../lib/gcc/arm-none-eabi/9.2.1/../../../../arm-none-eabi/lib/thumb/v6-m/nofp\libg.a(lib_a-realloc.o) (_realloc_r)
d:/9 2019-q4-major/bin/../lib/gcc/arm-none-eabi/9.2.1/../../../../arm-none-eabi/lib/thumb/v6-m/nofp\libg.a(lib_a-sbrkr.o)
                              d:/9 2019-q4-major/bin/../lib/gcc/arm-none-eabi/9.2.1/../../../../arm-none-eabi/lib/thumb/v6-m/nofp\libg.a(lib_a-mallocr.o) (_sbrk_r)
d:/9 2019-q4-major/bin/../lib/gcc/arm-none-eabi/9.2.1/../../../../arm-none-eabi/lib/thumb/v6-m/nofp\libg.a(lib_a-strlen-stub.o)
                              CMakeFiles/SEG.dir/D_/pico-env/pico-sdk/src/rp2_common/pico_stdio/stdio.c.obj (strlen)
d:/9 2019-q4-major/bin/../lib/gcc/arm-none-eabi/9.2.1/../../../../arm-none-eabi/lib/thumb/v6-m/nofp\libg.a(lib_a-freer.o)
                              d:/9 2019-q4-major/bin/../lib/gcc/arm-none-eabi/9.2.1/../../../../arm-none-eabi/lib/thumb/v6-m/nofp\libg.a(lib_a-malloc.o) (_free_r)
d:/9 2019-q4-major/bin/../lib/gcc/arm-none-eabi/9.2.1/../../../../arm-none-eabi/lib/thumb/v6-m/nofp\libg.a(lib_a-lock.o)
                              d:/9 2019-q4-major/bin/../lib/gcc/arm-none-eabi/9.2.1/../../../../arm-none-eabi/lib/thumb/v6-m/nofp\libg.a(lib_a-mlock.o) (__retarget_lock_acquire_recursive)
d:/9 2019-q4-major/bin/../lib/gcc/arm-none-eabi/9.2.1/../../../../arm-none-eabi/lib/thumb/v6-m/nofp\libg.a(lib_a-memmove.o)
                              d:/9 2019-q4-major/bin/../lib/gcc/arm-none-eabi/9.2.1/../../../../arm-none-eabi/lib/thumb/v6-m/nofp\libg.a(lib_a-reallocr.o) (memmove)
d:/9 2019-q4-major/bin/../lib/gcc/arm-none-eabi/9.2.1/../../../../arm-none-eabi/lib/thumb/v6-m/nofp\libg.a(lib_a-reent.o)
                              d:/9 2019-q4-major/bin/../lib/gcc/arm-none-eabi/9.2.1/../../../../arm-none-eabi/lib/thumb/v6-m/nofp\libg.a(lib_a-sbrkr.o) (errno)

Allocating common symbols
Common symbol       size              file

__lock___atexit_recursive_mutex
                    0x1               d:/9 2019-q4-major/bin/../lib/gcc/arm-none-eabi/9.2.1/../../../../arm-none-eabi/lib/thumb/v6-m/nofp\libg.a(lib_a-lock.o)
[...]
Memory Configuration

Name             Origin             Length             Attributes
FLASH            0x10000000         0x00200000         xr
RAM              0x20000000         0x00040000         xrw
SCRATCH_X        0x20040000         0x00001000         xrw
SCRATCH_Y        0x20041000         0x00001000         xrw
*default*        0x00000000         0xffffffff

Linker script and memory map

LOAD d:/9 2019-q4-major/bin/../lib/gcc/arm-none-eabi/9.2.1/thumb/v6-m/nofp/crti.o
LOAD d:/9 2019-q4-major/bin/../lib/gcc/arm-none-eabi/9.2.1/thumb/v6-m/nofp/crtbegin.o
LOAD d:/9 2019-q4-major/bin/../lib/gcc/arm-none-eabi/9.2.1/../../../../arm-none-eabi/lib/thumb/v6-m/nofp/crt0.o

.flash_begin    0x10000000        0x0
                0x10000000                __flash_binary_start = .

.boot2          0x10000000      0x100
                0x10000000                __boot2_start__ = .
 *(.boot2)
 .boot2         0x10000000      0x100 C:\Users\Admin\AppData\Local\Temp\ccqkO7ks.o
                0x10000100                __boot2_end__ = .
                0x00000001                ASSERT (((__boot2_end__ - __boot2_start__) == 0x100), ERROR: Pico second stage bootloader must be 256 bytes in size)

.text           0x10000100     0x7840
                0x10000100                __logical_binary_start = .
 *(.vectors)
 .vectors       0x10000100       0xd4 CMakeFiles/SEG.dir/D_/pico-env/pico-sdk/src/rp2_common/pico_standard_link/crt0.S.obj
                0x10000100                __VECTOR_TABLE
                0x10000100                __vectors
                0x100001c0                isr_invalid
                0x100001c0                __default_isrs_start
                0x100001c2                isr_nmi
                0x100001c4                isr_hardfault
                0x100001c6                isr_svcall
                0x100001c8                isr_pendsv
                0x100001ca                isr_systick
                0x100001cc                isr_irq23
                0x100001cc                isr_irq18
                0x100001cc                isr_irq11
                0x100001cc                isr_irq28
                0x100001cc                isr_irq19
                0x100001cc                isr_irq0
                0x100001cc                isr_irq6
                0x100001cc                isr_irq5
                0x100001cc                isr_irq12
                0x100001cc                isr_irq22
                0x100001cc                isr_irq31
                0x100001cc                isr_irq17
                0x100001cc                isr_irq27
                0x100001cc                isr_irq30
                0x100001cc                isr_irq2
                0x100001cc                isr_irq10
                0x100001cc                isr_irq8
                0x100001cc                isr_irq24
                0x100001cc                isr_irq1
                0x100001cc                isr_irq7
                0x100001cc                isr_irq21
                0x100001cc                isr_irq20
                0x100001cc                isr_irq15
                0x100001cc                isr_irq25
                0x100001cc                isr_irq13
                0x100001cc                __unhandled_user_irq
                0x100001cc                isr_irq4
                0x100001cc                isr_irq16
                0x100001cc                isr_irq29
                0x100001cc                isr_irq26
                0x100001cc                __default_isrs_end
                0x100001cc                isr_irq3
                0x100001cc                isr_irq14
                0x100001cc                isr_irq9
                0x100001d2                unhandled_user_irq_num_in_r0
 *(.binary_info_header)
 .binary_info_header
                0x100001d4       0x14 CMakeFiles/SEG.dir/D_/pico-env/pico-sdk/src/rp2_common/pico_standard_link/crt0.S.obj
                0x100001e8                __binary_info_header_end = .
 *(.reset)
 .reset         0x100001e8       0xa8 CMakeFiles/SEG.dir/D_/pico-env/pico-sdk/src/rp2_common/pico_standard_link/crt0.S.obj
                0x100001e8                _entry_point
                0x10000266                __get_current_exception
 .reset         0x10000290       0x30 CMakeFiles/SEG.dir/D_/pico-env/pico-sdk/src/rp2_common/pico_standard_link/binary_info.c.obj
 *(.init)
 .init          0x100002c0        0x4 d:/9 2019-q4-major/bin/../lib/gcc/arm-none-eabi/9.2.1/thumb/v6-m/nofp/crti.o
                0x100002c0                _init
 *(EXCLUDE_FILE(*libm.a: *libc.a:*lib_a-mem*.o *libgcc.a:) .text*)
 .text          0x100002c4       0x48 d:/9 2019-q4-major/bin/../lib/gcc/arm-none-eabi/9.2.1/thumb/v6-m/nofp/crtbegin.o
 .text.alarm_callback
                0x1000030c       0x20 CMakeFiles/SEG.dir/SEG.c.obj
                0x1000030c                alarm_callback
 .text.repeating_timer_callback
                0x1000032c       0x78 CMakeFiles/SEG.dir/SEG.c.obj
                0x1000032c                repeating_timer_callback
 .text.LED_Init
                0x100003a4       0x14 CMakeFiles/SEG.dir/SEG.c.obj
                0x100003a4                LED_Init
 .text.SEG_Init
                0x100003b8       0x34 CMakeFiles/SEG.dir/SEG.c.obj
                0x100003b8                SEG_Init
 .text.SEG_Write
                0x100003ec       0x40 CMakeFiles/SEG.dir/SEG.c.obj
                0x100003ec                SEG_Write
 .text.SEG_Demo
                0x1000042c       0xd8 CMakeFiles/SEG.dir/SEG.c.obj
                0x1000042c                SEG_Demo
 .text.main     0x10000504       0xac CMakeFiles/SEG.dir/SEG.c.obj
                0x10000504                main
 .text.spi_set_baudrate
                0x100005b0       0x94 CMakeFiles/SEG.dir/D_/pico-env/pico-sdk/src/rp2_common/hardware_spi/spi.c.obj
                0x100005b0                spi_set_baudrate
 .text.spi_init
                0x10000644       0x68 CMakeFiles/SEG.dir/D_/pico-env/pico-sdk/src/rp2_common/hardware_spi/spi.c.obj
                0x10000644                spi_init
 .text.hw_claim_lock
                0x100006ac       0x18 CMakeFiles/SEG.dir/D_/pico-env/pico-sdk/src/rp2_common/hardware_claim/claim.c.obj
                0x100006ac                hw_claim_lock
 .text.hw_claim_unlock
                0x100006c4       0x14 CMakeFiles/SEG.dir/D_/pico-env/pico-sdk/src/rp2_common/hardware_claim/claim.c.obj
                0x100006c4                hw_claim_unlock
 .text.hw_claim_or_assert
                0x100006d8       0x32 CMakeFiles/SEG.dir/D_/pico-env/pico-sdk/src/rp2_common/hardware_claim/claim.c.obj
                0x100006d8                hw_claim_or_assert
 .text.hw_claim_unused_from_range
                0x1000070a       0x50 CMakeFiles/SEG.dir/D_/pico-env/pico-sdk/src/rp2_common/hardware_claim/claim.c.obj
                0x1000070a                hw_claim_unused_from_range
 *fill*         0x1000075a        0x2 
 .text.running_on_fpga
                0x1000075c       0x14 CMakeFiles/SEG.dir/D_/pico-env/pico-sdk/src/rp2_common/pico_platform/platform.c.obj
                0x1000075c                running_on_fpga
 .text.spin_locks_reset
                0x10000770       0x20 CMakeFiles/SEG.dir/D_/pico-env/pico-sdk/src/rp2_common/hardware_sync/sync.c.obj
                0x10000770                spin_locks_reset
 .text.next_striped_spin_lock_num
                0x10000790       0x1c CMakeFiles/SEG.dir/D_/pico-env/pico-sdk/src/rp2_common/hardware_sync/sync.c.obj
                0x10000790                next_striped_spin_lock_num
 .text.spin_lock_claim_unused
                0x100007ac       0x20 CMakeFiles/SEG.dir/D_/pico-env/pico-sdk/src/rp2_common/hardware_sync/sync.c.obj
                0x100007ac                spin_lock_claim_unused
 .text.gpio_set_function
                0x100007cc       0x30 CMakeFiles/SEG.dir/D_/pico-env/pico-sdk/src/rp2_common/hardware_gpio/gpio.c.obj
                0x100007cc                gpio_set_function
 .text.gpio_init
                0x100007fc       0x16 CMakeFiles/SEG.dir/D_/pico-env/pico-sdk/src/rp2_common/hardware_gpio/gpio.c.obj
                0x100007fc                gpio_init
 *fill*         0x10000812        0x2 
 .text.set_raw_irq_handler_and_unlock
                0x10000814       0x28 CMakeFiles/SEG.dir/D_/pico-env/pico-sdk/src/rp2_common/hardware_irq/irq.c.obj
 .text.make_branch
                0x1000083c       0x48 CMakeFiles/SEG.dir/D_/pico-env/pico-sdk/src/rp2_common/hardware_irq/irq.c.obj
 .text.insert_branch_and_link
                0x10000884       0x40 CMakeFiles/SEG.dir/D_/pico-env/pico-sdk/src/rp2_common/hardware_irq/irq.c.obj
 .text.irq_is_enabled
                0x100008c4       0x18 CMakeFiles/SEG.dir/D_/pico-env/pico-sdk/src/rp2_common/hardware_irq/irq.c.obj
                0x100008c4                irq_is_enabled
 .text.irq_set_mask_enabled
                0x100008dc       0x20 CMakeFiles/SEG.dir/D_/pico-env/pico-sdk/src/rp2_common/hardware_irq/irq.c.obj
                0x100008dc                irq_set_mask_enabled
 .text.irq_set_enabled
                0x100008fc        0xe CMakeFiles/SEG.dir/D_/pico-env/pico-sdk/src/rp2_common/hardware_irq/irq.c.obj
                0x100008fc                irq_set_enabled
 *fill*         0x1000090a        0x2 
 .text.irq_set_pending
                0x1000090c       0x10 CMakeFiles/SEG.dir/D_/pico-env/pico-sdk/src/rp2_common/hardware_irq/irq.c.obj
                0x1000090c                irq_set_pending
 .text.irq_get_vtable_handler
                0x1000091c       0x10 CMakeFiles/SEG.dir/D_/pico-env/pico-sdk/src/rp2_common/hardware_irq/irq.c.obj
                0x1000091c                irq_get_vtable_handler
 .text.irq_has_shared_handler
                0x1000092c       0x24 CMakeFiles/SEG.dir/D_/pico-env/pico-sdk/src/rp2_common/hardware_irq/irq.c.obj
                0x1000092c                irq_has_shared_handler
 .text.irq_set_exclusive_handler
                0x10000950       0x54 CMakeFiles/SEG.dir/D_/pico-env/pico-sdk/src/rp2_common/hardware_irq/irq.c.obj
                0x10000950                irq_set_exclusive_handler
 .text.irq_add_shared_handler
                0x100009a4      0x230 CMakeFiles/SEG.dir/D_/pico-env/pico-sdk/src/rp2_common/hardware_irq/irq.c.obj
                0x100009a4                irq_add_shared_handler
 .text.irq_remove_handler
                0x10000bd4      0x1a8 CMakeFiles/SEG.dir/D_/pico-env/pico-sdk/src/rp2_common/hardware_irq/irq.c.obj
                0x10000bd4                irq_remove_handler
 .text.irq_add_tail_to_free_list
                0x10000d7c       0xf0 CMakeFiles/SEG.dir/D_/pico-env/pico-sdk/src/rp2_common/hardware_irq/irq.c.obj
                0x10000d7c                irq_add_tail_to_free_list
 .text.irq_init_priorities
                0x10000e6c       0x1c CMakeFiles/SEG.dir/D_/pico-env/pico-sdk/src/rp2_common/hardware_irq/irq.c.obj
                0x10000e6c                irq_init_priorities
 .text.user_irq_claim_unused
                0x10000e88       0x30 CMakeFiles/SEG.dir/D_/pico-env/pico-sdk/src/rp2_common/hardware_irq/irq.c.obj
                0x10000e88                user_irq_claim_unused
 .text.lock_init
                0x10000eb8       0x10 CMakeFiles/SEG.dir/D_/pico-env/pico-sdk/src/common/pico_sync/lock_core.c.obj
                0x10000eb8                lock_init
 .text.repeating_timer_callback
                0x10000ec8       0x40 CMakeFiles/SEG.dir/D_/pico-env/pico-sdk/src/common/pico_time/time.c.obj
 .text.alarm_pool_post_alloc_init
                0x10000f08       0x40 CMakeFiles/SEG.dir/D_/pico-env/pico-sdk/src/common/pico_time/time.c.obj
 .text.sleep_until_callback
                0x10000f48       0x30 CMakeFiles/SEG.dir/D_/pico-env/pico-sdk/src/common/pico_time/time.c.obj
 .text.timer_pool_entry_comparator
                0x10000f78       0x7c CMakeFiles/SEG.dir/D_/pico-env/pico-sdk/src/common/pico_time/time.c.obj
                0x10000f78                timer_pool_entry_comparator
 .text.ph_add_child_node
                0x10000ff4       0xa4 CMakeFiles/SEG.dir/D_/pico-env/pico-sdk/src/common/pico_time/time.c.obj
 .text.ph_merge_nodes
                0x10001098       0x3e CMakeFiles/SEG.dir/D_/pico-env/pico-sdk/src/common/pico_time/time.c.obj
 *fill*         0x100010d6        0x2 
 .text.add_alarm_under_lock
                0x100010d8      0x174 CMakeFiles/SEG.dir/D_/pico-env/pico-sdk/src/common/pico_time/time.c.obj
 .text.alarm_pool_alarm_callback
                0x1000124c      0x32c CMakeFiles/SEG.dir/D_/pico-env/pico-sdk/src/common/pico_time/time.c.obj
 .text.alarm_pool_init_default
                0x10001578       0x38 CMakeFiles/SEG.dir/D_/pico-env/pico-sdk/src/common/pico_time/time.c.obj
                0x10001578                alarm_pool_init_default
 .text.alarm_pool_get_default
                0x100015b0       0x2c CMakeFiles/SEG.dir/D_/pico-env/pico-sdk/src/common/pico_time/time.c.obj
                0x100015b0                alarm_pool_get_default
 .text.alarm_pool_add_alarm_at
                0x100015dc      0x170 CMakeFiles/SEG.dir/D_/pico-env/pico-sdk/src/common/pico_time/time.c.obj
                0x100015dc                alarm_pool_add_alarm_at
 .text.alarm_pool_cancel_alarm
                0x1000174c       0xf0 CMakeFiles/SEG.dir/D_/pico-env/pico-sdk/src/common/pico_time/time.c.obj
                0x1000174c                alarm_pool_cancel_alarm
 .text.alarm_pool_add_repeating_timer_us
                0x1000183c       0x98 CMakeFiles/SEG.dir/D_/pico-env/pico-sdk/src/common/pico_time/time.c.obj
                0x1000183c                alarm_pool_add_repeating_timer_us
 .text.sleep_until
                0x100018d4       0xfc CMakeFiles/SEG.dir/D_/pico-env/pico-sdk/src/common/pico_time/time.c.obj
                0x100018d4                sleep_until
 .text.sleep_us
                0x100019d0       0x58 CMakeFiles/SEG.dir/D_/pico-env/pico-sdk/src/common/pico_time/time.c.obj
                0x100019d0                sleep_us
 .text.sleep_ms
                0x10001a28       0x14 CMakeFiles/SEG.dir/D_/pico-env/pico-sdk/src/common/pico_time/time.c.obj
                0x10001a28                sleep_ms
 .text.best_effort_wfe_or_timeout
                0x10001a3c       0x80 CMakeFiles/SEG.dir/D_/pico-env/pico-sdk/src/common/pico_time/time.c.obj
                0x10001a3c                best_effort_wfe_or_timeout
 .text.hardware_alarm_irq_handler
                0x10001abc       0x8c CMakeFiles/SEG.dir/D_/pico-env/pico-sdk/src/rp2_common/hardware_timer/timer.c.obj
 .text.hardware_alarm_claim
                0x10001b48       0x18 CMakeFiles/SEG.dir/D_/pico-env/pico-sdk/src/rp2_common/hardware_timer/timer.c.obj
                0x10001b48                hardware_alarm_claim
 .text.time_us_64
                0x10001b60       0x18 CMakeFiles/SEG.dir/D_/pico-env/pico-sdk/src/rp2_common/hardware_timer/timer.c.obj
                0x10001b60                time_us_64
 .text.busy_wait_until
                0x10001b78       0x24 CMakeFiles/SEG.dir/D_/pico-env/pico-sdk/src/rp2_common/hardware_timer/timer.c.obj
                0x10001b78                busy_wait_until
 .text.hardware_alarm_set_callback
                0x10001b9c       0x90 CMakeFiles/SEG.dir/D_/pico-env/pico-sdk/src/rp2_common/hardware_timer/timer.c.obj
                0x10001b9c                hardware_alarm_set_callback
 .text.hardware_alarm_set_target
                0x10001c2c       0xe8 CMakeFiles/SEG.dir/D_/pico-env/pico-sdk/src/rp2_common/hardware_timer/timer.c.obj
                0x10001c2c                hardware_alarm_set_target
 .text.hardware_alarm_cancel
                0x10001d14       0x40 CMakeFiles/SEG.dir/D_/pico-env/pico-sdk/src/rp2_common/hardware_timer/timer.c.obj
                0x10001d14                hardware_alarm_cancel
 .text.ph_add_child_node
                0x10001d54       0xa4 CMakeFiles/SEG.dir/D_/pico-env/pico-sdk/src/common/pico_util/pheap.c.obj
 .text.ph_merge_nodes
                0x10001df8       0x3e CMakeFiles/SEG.dir/D_/pico-env/pico-sdk/src/common/pico_util/pheap.c.obj
 *fill*         0x10001e36        0x2 
 .text.ph_clear
                0x10001e38       0x70 CMakeFiles/SEG.dir/D_/pico-env/pico-sdk/src/common/pico_util/pheap.c.obj
                0x10001e38                ph_clear
 .text.ph_post_alloc_init
                0x10001ea8        0xe CMakeFiles/SEG.dir/D_/pico-env/pico-sdk/src/common/pico_util/pheap.c.obj
                0x10001ea8                ph_post_alloc_init
 *fill*         0x10001eb6        0x2 
 .text.ph_merge_two_pass
                0x10001eb8       0xa8 CMakeFiles/SEG.dir/D_/pico-env/pico-sdk/src/common/pico_util/pheap.c.obj
                0x10001eb8                ph_merge_two_pass
 .text.ph_remove_any_head
                0x10001f60      0x108 CMakeFiles/SEG.dir/D_/pico-env/pico-sdk/src/common/pico_util/pheap.c.obj
 .text.ph_remove_head
                0x10002068       0x14 CMakeFiles/SEG.dir/D_/pico-env/pico-sdk/src/common/pico_util/pheap.c.obj
                0x10002068                ph_remove_head
 .text.ph_remove_and_free_node
                0x1000207c       0xf8 CMakeFiles/SEG.dir/D_/pico-env/pico-sdk/src/common/pico_util/pheap.c.obj
                0x1000207c                ph_remove_and_free_node
 .text.mutex_init
                0x10002174       0x1a CMakeFiles/SEG.dir/D_/pico-env/pico-sdk/src/common/pico_sync/mutex.c.obj
                0x10002174                mutex_init
 .text.recursive_mutex_init
                0x1000218e       0x1e CMakeFiles/SEG.dir/D_/pico-env/pico-sdk/src/common/pico_sync/mutex.c.obj
                0x1000218e                recursive_mutex_init
 .text.critical_section_init_with_lock_num
                0x100021ac       0x14 CMakeFiles/SEG.dir/D_/pico-env/pico-sdk/src/common/pico_sync/critical_section.c.obj
                0x100021ac                critical_section_init_with_lock_num
 .text.critical_section_init
                0x100021c0       0x14 CMakeFiles/SEG.dir/D_/pico-env/pico-sdk/src/common/pico_sync/critical_section.c.obj
                0x100021c0                critical_section_init
 .text._exit    0x100021d4        0x4 CMakeFiles/SEG.dir/D_/pico-env/pico-sdk/src/rp2_common/pico_runtime/runtime.c.obj
                0x100021d4                _exit
 .text.exit     0x100021d8        0x6 CMakeFiles/SEG.dir/D_/pico-env/pico-sdk/src/rp2_common/pico_runtime/runtime.c.obj
                0x100021d8                exit
 *fill*         0x100021de        0x2 
 .text.__assert_func
                0x100021e0       0x3c CMakeFiles/SEG.dir/D_/pico-env/pico-sdk/src/rp2_common/pico_runtime/runtime.c.obj
                0x100021e0                __assert_func
 .text.runtime_init
                0x1000221c       0xf8 CMakeFiles/SEG.dir/D_/pico-env/pico-sdk/src/rp2_common/pico_runtime/runtime.c.obj
                0x1000221c                runtime_init
 .text.panic    0x10002314       0x30 CMakeFiles/SEG.dir/D_/pico-env/pico-sdk/src/rp2_common/pico_runtime/runtime.c.obj
                0x10002314                panic
 .text.clock_configure
                0x10002344      0x104 CMakeFiles/SEG.dir/D_/pico-env/pico-sdk/src/rp2_common/hardware_clocks/clocks.c.obj
                0x10002344                clock_configure
 .text.clocks_init
                0x10002448      0x100 CMakeFiles/SEG.dir/D_/pico-env/pico-sdk/src/rp2_common/hardware_clocks/clocks.c.obj
                0x10002448                clocks_init
 .text.clock_get_hz
                0x10002548        0xc CMakeFiles/SEG.dir/D_/pico-env/pico-sdk/src/rp2_common/hardware_clocks/clocks.c.obj
                0x10002548                clock_get_hz
 .text.pll_init
                0x10002554      0x140 CMakeFiles/SEG.dir/D_/pico-env/pico-sdk/src/rp2_common/hardware_pll/pll.c.obj
                0x10002554                pll_init
 .text.watchdog_start_tick
                0x10002694       0x10 CMakeFiles/SEG.dir/D_/pico-env/pico-sdk/src/rp2_common/hardware_watchdog/watchdog.c.obj
                0x10002694                watchdog_start_tick
 .text.watchdog_update
                0x100026a4       0x14 CMakeFiles/SEG.dir/D_/pico-env/pico-sdk/src/rp2_common/hardware_watchdog/watchdog.c.obj
                0x100026a4                watchdog_update
 .text._watchdog_enable
                0x100026b8       0x78 CMakeFiles/SEG.dir/D_/pico-env/pico-sdk/src/rp2_common/hardware_watchdog/watchdog.c.obj
                0x100026b8                _watchdog_enable
 .text.watchdog_reboot
                0x10002730       0x48 CMakeFiles/SEG.dir/D_/pico-env/pico-sdk/src/rp2_common/hardware_watchdog/watchdog.c.obj
                0x10002730                watchdog_reboot
 .text.xosc_init
                0x10002778       0x28 CMakeFiles/SEG.dir/D_/pico-env/pico-sdk/src/rp2_common/hardware_xosc/xosc.c.obj
                0x10002778                xosc_init
 .text._out_null
                0x100027a0        0x2 CMakeFiles/SEG.dir/D_/pico-env/pico-sdk/src/rp2_common/pico_printf/printf.c.obj
 .text._out_fct
                0x100027a2        0xe CMakeFiles/SEG.dir/D_/pico-env/pico-sdk/src/rp2_common/pico_printf/printf.c.obj
 .text._atoi    0x100027b0       0x24 CMakeFiles/SEG.dir/D_/pico-env/pico-sdk/src/rp2_common/pico_printf/printf.c.obj
 .text._out_rev
                0x100027d4       0xae CMakeFiles/SEG.dir/D_/pico-env/pico-sdk/src/rp2_common/pico_printf/printf.c.obj
 .text._ntoa_format
                0x10002882      0x110 CMakeFiles/SEG.dir/D_/pico-env/pico-sdk/src/rp2_common/pico_printf/printf.c.obj
 .text._ntoa_long
                0x10002992       0xbc CMakeFiles/SEG.dir/D_/pico-env/pico-sdk/src/rp2_common/pico_printf/printf.c.obj
 .text._ntoa_long_long
                0x10002a4e       0xe2 CMakeFiles/SEG.dir/D_/pico-env/pico-sdk/src/rp2_common/pico_printf/printf.c.obj
 .text._etoa    0x10002b30      0x40c CMakeFiles/SEG.dir/D_/pico-env/pico-sdk/src/rp2_common/pico_printf/printf.c.obj
 .text._ftoa    0x10002f3c      0x354 CMakeFiles/SEG.dir/D_/pico-env/pico-sdk/src/rp2_common/pico_printf/printf.c.obj
 .text._vsnprintf
                0x10003290      0x628 CMakeFiles/SEG.dir/D_/pico-env/pico-sdk/src/rp2_common/pico_printf/printf.c.obj
 .text.vfctprintf
                0x100038b8       0x20 CMakeFiles/SEG.dir/D_/pico-env/pico-sdk/src/rp2_common/pico_printf/printf.c.obj
                0x100038b8                vfctprintf
 .text          0x100038d8       0x10 CMakeFiles/SEG.dir/D_/pico-env/pico-sdk/src/rp2_common/pico_bit_ops/bit_ops_aeabi.S.obj
 .text.rom_func_lookup
                0x100038e8       0x10 CMakeFiles/SEG.dir/D_/pico-env/pico-sdk/src/rp2_common/pico_bootrom/bootrom.c.obj
                0x100038e8                rom_func_lookup
 .text.rom_data_lookup
                0x100038f8       0x10 CMakeFiles/SEG.dir/D_/pico-env/pico-sdk/src/rp2_common/pico_bootrom/bootrom.c.obj
                0x100038f8                rom_data_lookup
 .text.rom_funcs_lookup
                0x10003908       0x36 CMakeFiles/SEG.dir/D_/pico-env/pico-sdk/src/rp2_common/pico_bootrom/bootrom.c.obj
                0x10003908                rom_funcs_lookup
 *fill*         0x1000393e        0x2 
 .text.__wrap___aeabi_idiv
                0x10003940       0x50 CMakeFiles/SEG.dir/D_/pico-env/pico-sdk/src/rp2_common/pico_divider/divider.S.obj
                0x10003940                __wrap___aeabi_idivmod
                0x10003940                divmod_s32s32
                0x10003940                div_s32s32
                0x10003940                __wrap___aeabi_idiv
                0x10003948                divmod_s32s32_unsafe
                0x10003974                divmod_s32s32_savestate
 .text.__wrap___aeabi_uidiv
                0x10003990       0x4c CMakeFiles/SEG.dir/D_/pico-env/pico-sdk/src/rp2_common/pico_divider/divider.S.obj
                0x10003990                __wrap___aeabi_uidiv
                0x10003990                __wrap___aeabi_uidivmod
                0x10003990                div_u32u32
                0x10003990                divmod_u32u32
                0x10003998                divmod_u32u32_unsafe
                0x100039c0                divmod_u32u32_savestate
 .text.__wrap___aeabi_ldiv
                0x100039dc      0x434 CMakeFiles/SEG.dir/D_/pico-env/pico-sdk/src/rp2_common/pico_divider/divider.S.obj
                0x100039dc                div_s64s64
                0x100039dc                divmod_s64s64
                0x100039dc                __wrap___aeabi_ldivmod
                0x10003a14                divmod_u64u64
                0x10003a14                div_u64u64
                0x10003a14                __wrap___aeabi_uldivmod
                0x10003a24                divmod_u64u64_savestate
                0x10003a4c                divmod_s64s64_unsafe
                0x10003ad4                divmod_u64u64_unsafe
 .text.__wrap___aeabi_darithmetic
                0x10003e10       0x80 CMakeFiles/SEG.dir/D_/pico-env/pico-sdk/src/rp2_common/pico_double/double_aeabi.S.obj
                0x10003e10                __wrap___aeabi_drsub
                0x10003e16                __wrap___aeabi_dsub
                0x10003e28                __wrap___aeabi_dadd
                0x10003e3a                __wrap___aeabi_ddiv
                0x10003e76                __wrap___aeabi_dmul
 .text.__wrap___aeabi_cdcmple
                0x10003e90       0x6c CMakeFiles/SEG.dir/D_/pico-env/pico-sdk/src/rp2_common/pico_double/double_aeabi.S.obj
                0x10003e90                __wrap___aeabi_cdrcmple
                0x10003ea0                __wrap___aeabi_cdcmpeq
                0x10003ea0                __wrap___aeabi_cdcmple
 .text.__wrap___aeabi_dcmplt
                0x10003efc        0xc CMakeFiles/SEG.dir/D_/pico-env/pico-sdk/src/rp2_common/pico_double/double_aeabi.S.obj
                0x10003efc                __wrap___aeabi_dcmplt
 .text.__wrap___aeabi_dcmple
                0x10003f08       0x10 CMakeFiles/SEG.dir/D_/pico-env/pico-sdk/src/rp2_common/pico_double/double_aeabi.S.obj
                0x10003f08                __wrap___aeabi_dcmple
 .text.__wrap___aeabi_dcmpge
                0x10003f18       0x10 CMakeFiles/SEG.dir/D_/pico-env/pico-sdk/src/rp2_common/pico_double/double_aeabi.S.obj
                0x10003f18                __wrap___aeabi_dcmpge
 .text.__wrap___aeabi_dcmpgt
                0x10003f28        0xa CMakeFiles/SEG.dir/D_/pico-env/pico-sdk/src/rp2_common/pico_double/double_aeabi.S.obj
                0x10003f28                __wrap___aeabi_dcmpgt
 .text.__wrap___aeabi_dcmpun
                0x10003f32       0x1c CMakeFiles/SEG.dir/D_/pico-env/pico-sdk/src/rp2_common/pico_double/double_aeabi.S.obj
                0x10003f32                __wrap___aeabi_dcmpun
 *fill*         0x10003f4e        0x2 
 .text.__wrap___aeabi_i2d
                0x10003f50       0x38 CMakeFiles/SEG.dir/D_/pico-env/pico-sdk/src/rp2_common/pico_double/double_aeabi.S.obj
                0x10003f50                __wrap___aeabi_ui2d
                0x10003f58                __wrap___aeabi_i2d
 .text.__wrap___aeabi_d2iz
                0x10003f88       0x48 CMakeFiles/SEG.dir/D_/pico-env/pico-sdk/src/rp2_common/pico_double/double_aeabi.S.obj
                0x10003f88                double2int_z
                0x10003f88                __wrap___aeabi_d2iz
 .text.__wrap___aeabi_d2uiz
                0x10003fd0       0x18 CMakeFiles/SEG.dir/D_/pico-env/pico-sdk/src/rp2_common/pico_double/double_aeabi.S.obj
                0x10003fd0                __wrap___aeabi_d2uiz
                0x10003fd0                double2uint
 .text.__wrap___aeabi_d2f
                0x10003fe8       0x18 CMakeFiles/SEG.dir/D_/pico-env/pico-sdk/src/rp2_common/pico_double/double_aeabi.S.obj
                0x10003fe8                __wrap___aeabi_d2f
 .text.__aeabi_double_init
                0x10004000       0xc8 CMakeFiles/SEG.dir/D_/pico-env/pico-sdk/src/rp2_common/pico_double/double_init_rom.c.obj
                0x10004000                __aeabi_double_init
 .text.double_table_shim_on_use_helper
                0x100040c8       0x34 CMakeFiles/SEG.dir/D_/pico-env/pico-sdk/src/rp2_common/pico_double/double_v1_rom_shim.S.obj
                0x100040c8                double_table_shim_on_use_helper
 .text.__wrap___aeabi_dsub
                0x100040fc       0x10 CMakeFiles/SEG.dir/D_/pico-env/pico-sdk/src/rp2_common/pico_double/double_v1_rom_shim.S.obj
                0x100040fc                drsub_shim
                0x10004102                dsub_shim
 .text.dadd_shim
                0x1000410c      0x15c CMakeFiles/SEG.dir/D_/pico-env/pico-sdk/src/rp2_common/pico_double/double_v1_rom_shim.S.obj
                0x1000410c                dadd_shim
 .text.dmul_shim
                0x10004268      0x15c CMakeFiles/SEG.dir/D_/pico-env/pico-sdk/src/rp2_common/pico_double/double_v1_rom_shim.S.obj
                0x10004268                dmul_shim
 .text.ddiv_shim
                0x100043c4      0x1b0 CMakeFiles/SEG.dir/D_/pico-env/pico-sdk/src/rp2_common/pico_double/double_v1_rom_shim.S.obj
                0x100043c4                ddiv_shim
 .text.double2uint_shim
                0x10004574        0xe CMakeFiles/SEG.dir/D_/pico-env/pico-sdk/src/rp2_common/pico_double/double_v1_rom_shim.S.obj
                0x10004574                double2uint_shim
                0x10004576                double2ufix_shim
 *fill*         0x10004582        0x2 
 .text.double2uint64_shim
                0x10004584       0x70 CMakeFiles/SEG.dir/D_/pico-env/pico-sdk/src/rp2_common/pico_double/double_v1_rom_shim.S.obj
                0x10004584                double2uint64_shim
                0x10004586                double2ufix64_shim
                0x100045a6                d2fix_a
 .text.double2float_shim
                0x100045f4       0x5c CMakeFiles/SEG.dir/D_/pico-env/pico-sdk/src/rp2_common/pico_double/double_v1_rom_shim.S.obj
                0x100045f4                double2float_shim
 .text.dunpacks
                0x10004650       0x3c CMakeFiles/SEG.dir/D_/pico-env/pico-sdk/src/rp2_common/pico_double/double_v1_rom_shim.S.obj
                0x10004650                dunpacks
 .text.__aeabi_lmul
                0x1000468c       0x32 CMakeFiles/SEG.dir/D_/pico-env/pico-sdk/src/rp2_common/pico_int64_ops/pico_int64_ops_aeabi.S.obj
                0x1000468c                __wrap___aeabi_lmul
 *fill*         0x100046be        0x2 
 .text.__wrap___aeabi_farithmetic
                0x100046c0       0x58 CMakeFiles/SEG.dir/D_/pico-env/pico-sdk/src/rp2_common/pico_float/float_aeabi.S.obj
                0x100046c0                __wrap___aeabi_frsub
                0x100046c6                __wrap___aeabi_fsub
                0x100046d0                __wrap___aeabi_fadd
                0x100046da                __wrap___aeabi_fdiv
                0x10004706                __wrap___aeabi_fmul
 .text.__wrap___aeabi_cfcmple
                0x10004718       0x50 CMakeFiles/SEG.dir/D_/pico-env/pico-sdk/src/rp2_common/pico_float/float_aeabi.S.obj
                0x10004718                __wrap___aeabi_cfrcmple
                0x10004724                __wrap___aeabi_cfcmple
                0x10004724                __wrap___aeabi_cfcmpeq
 .text.__wrap___aeabi_fcmpge
                0x10004768       0x10 CMakeFiles/SEG.dir/D_/pico-env/pico-sdk/src/rp2_common/pico_float/float_aeabi.S.obj
                0x10004768                __wrap___aeabi_fcmpge
 .text.__wrap___aeabi_f2iz
                0x10004778       0x4e CMakeFiles/SEG.dir/D_/pico-env/pico-sdk/src/rp2_common/pico_float/float_aeabi.S.obj
                0x10004778                float2int_z
                0x10004778                __wrap___aeabi_f2iz
 *fill*         0x100047c6        0x2 
 .text.float2int
                0x100047c8       0x14 CMakeFiles/SEG.dir/D_/pico-env/pico-sdk/src/rp2_common/pico_float/float_aeabi.S.obj
                0x100047c8                float2int
 .text.__wrap___aeabi_f2uiz
                0x100047dc       0x10 CMakeFiles/SEG.dir/D_/pico-env/pico-sdk/src/rp2_common/pico_float/float_aeabi.S.obj
                0x100047dc                __wrap___aeabi_f2uiz
 .text.__wrap___aeabi_f2d
                0x100047ec       0x14 CMakeFiles/SEG.dir/D_/pico-env/pico-sdk/src/rp2_common/pico_float/float_aeabi.S.obj
                0x100047ec                __wrap___aeabi_f2d
 .text.__aeabi_float_init
                0x10004800       0xfc CMakeFiles/SEG.dir/D_/pico-env/pico-sdk/src/rp2_common/pico_float/float_init_rom.c.obj
                0x10004800                __aeabi_float_init
 .text.float_table_shim_on_use_helper
                0x100048fc       0x34 CMakeFiles/SEG.dir/D_/pico-env/pico-sdk/src/rp2_common/pico_float/float_v1_rom_shim.S.obj
                0x100048fc                float_table_shim_on_use_helper
 .text.float232_shims
                0x10004930       0x18 CMakeFiles/SEG.dir/D_/pico-env/pico-sdk/src/rp2_common/pico_float/float_v1_rom_shim.S.obj
                0x10004930                float2int_shim
                0x10004932                float2fix_shim
 .text.float2double_shim
                0x10004948       0x30 CMakeFiles/SEG.dir/D_/pico-env/pico-sdk/src/rp2_common/pico_float/float_v1_rom_shim.S.obj
                0x10004948                float2double_shim
 .text          0x10004978       0x10 CMakeFiles/SEG.dir/D_/pico-env/pico-sdk/src/rp2_common/pico_mem_ops/mem_ops_aeabi.S.obj
                0x10004978                __aeabi_mem_init
 .text.memset   0x10004988        0xc CMakeFiles/SEG.dir/D_/pico-env/pico-sdk/src/rp2_common/pico_mem_ops/mem_ops_aeabi.S.obj
                0x10004988                __wrap_memset
 .text.memcpy   0x10004994        0xc CMakeFiles/SEG.dir/D_/pico-env/pico-sdk/src/rp2_common/pico_mem_ops/mem_ops_aeabi.S.obj
                0x10004994                __wrap_memcpy
                0x10004994                __wrap___aeabi_memcpy
 .text.stdio_out_chars_no_crlf
                0x100049a0        0xe CMakeFiles/SEG.dir/D_/pico-env/pico-sdk/src/rp2_common/pico_stdio/stdio.c.obj
 *fill*         0x100049ae        0x2 
 .text.stdio_out_chars_crlf
                0x100049b0       0x80 CMakeFiles/SEG.dir/D_/pico-env/pico-sdk/src/rp2_common/pico_stdio/stdio.c.obj
 .text.stdio_stack_buffer_flush
                0x10004a30       0x44 CMakeFiles/SEG.dir/D_/pico-env/pico-sdk/src/rp2_common/pico_stdio/stdio.c.obj
 .text.stdio_buffered_printer
                0x10004a74       0x20 CMakeFiles/SEG.dir/D_/pico-env/pico-sdk/src/rp2_common/pico_stdio/stdio.c.obj
 .text.stdout_serialize_begin
                0x10004a94       0x30 CMakeFiles/SEG.dir/D_/pico-env/pico-sdk/src/rp2_common/pico_stdio/stdio.c.obj
                0x10004a94                stdout_serialize_begin
 .text.stdout_serialize_end
                0x10004ac4       0x10 CMakeFiles/SEG.dir/D_/pico-env/pico-sdk/src/rp2_common/pico_stdio/stdio.c.obj
                0x10004ac4                stdout_serialize_end
 .text.stdio_put_string
                0x10004ad4       0x98 CMakeFiles/SEG.dir/D_/pico-env/pico-sdk/src/rp2_common/pico_stdio/stdio.c.obj
 .text.stdio_set_driver_enabled
                0x10004b6c       0x2c CMakeFiles/SEG.dir/D_/pico-env/pico-sdk/src/rp2_common/pico_stdio/stdio.c.obj
                0x10004b6c                stdio_set_driver_enabled
 .text.stdio_flush
                0x10004b98       0x20 CMakeFiles/SEG.dir/D_/pico-env/pico-sdk/src/rp2_common/pico_stdio/stdio.c.obj
                0x10004b98                stdio_flush
 .text.__wrap_puts
                0x10004bb8       0x1e CMakeFiles/SEG.dir/D_/pico-env/pico-sdk/src/rp2_common/pico_stdio/stdio.c.obj
                0x10004bb8                __wrap_puts
 *fill*         0x10004bd6        0x2 
 .text.__wrap_vprintf
                0x10004bd8       0x44 CMakeFiles/SEG.dir/D_/pico-env/pico-sdk/src/rp2_common/pico_stdio/stdio.c.obj
                0x10004bd8                __wrap_vprintf
 .text.__wrap_printf
                0x10004c1c       0x18 CMakeFiles/SEG.dir/D_/pico-env/pico-sdk/src/rp2_common/pico_stdio/stdio.c.obj
                0x10004c1c                __wrap_printf
 .text.stdio_init_all
                0x10004c34        0x8 CMakeFiles/SEG.dir/D_/pico-env/pico-sdk/src/rp2_common/pico_stdio/stdio.c.obj
                0x10004c34                stdio_init_all
 .text.resetd_init
                0x10004c3c        0x2 CMakeFiles/SEG.dir/D_/pico-env/pico-sdk/src/rp2_common/pico_stdio_usb/reset_interface.c.obj
 *fill*         0x10004c3e        0x2 
 .text.resetd_reset
                0x10004c40        0xc CMakeFiles/SEG.dir/D_/pico-env/pico-sdk/src/rp2_common/pico_stdio_usb/reset_interface.c.obj
 .text.resetd_open
                0x10004c4c       0x34 CMakeFiles/SEG.dir/D_/pico-env/pico-sdk/src/rp2_common/pico_stdio_usb/reset_interface.c.obj
 .text.resetd_xfer_cb
                0x10004c80        0x4 CMakeFiles/SEG.dir/D_/pico-env/pico-sdk/src/rp2_common/pico_stdio_usb/reset_interface.c.obj
 .text.resetd_control_xfer_cb
                0x10004c84       0x6c CMakeFiles/SEG.dir/D_/pico-env/pico-sdk/src/rp2_common/pico_stdio_usb/reset_interface.c.obj
 .text.usbd_app_driver_get_cb
                0x10004cf0        0xc CMakeFiles/SEG.dir/D_/pico-env/pico-sdk/src/rp2_common/pico_stdio_usb/reset_interface.c.obj
                0x10004cf0                usbd_app_driver_get_cb
 .text.tud_cdc_line_coding_cb
                0x10004cfc       0x34 CMakeFiles/SEG.dir/D_/pico-env/pico-sdk/src/rp2_common/pico_stdio_usb/reset_interface.c.obj
                0x10004cfc                tud_cdc_line_coding_cb
 .text.stdio_usb_in_chars
                0x10004d30       0x70 CMakeFiles/SEG.dir/D_/pico-env/pico-sdk/src/rp2_common/pico_stdio_usb/stdio_usb.c.obj
                0x10004d30                stdio_usb_in_chars
 .text.low_priority_worker_irq
                0x10004da0       0x20 CMakeFiles/SEG.dir/D_/pico-env/pico-sdk/src/rp2_common/pico_stdio_usb/stdio_usb.c.obj
 .text.stdio_usb_out_chars
                0x10004dc0       0xd4 CMakeFiles/SEG.dir/D_/pico-env/pico-sdk/src/rp2_common/pico_stdio_usb/stdio_usb.c.obj
 .text.timer_task
                0x10004e94       0x40 CMakeFiles/SEG.dir/D_/pico-env/pico-sdk/src/rp2_common/pico_stdio_usb/stdio_usb.c.obj
 .text.usb_irq  0x10004ed4       0x10 CMakeFiles/SEG.dir/D_/pico-env/pico-sdk/src/rp2_common/pico_stdio_usb/stdio_usb.c.obj
 .text.stdio_usb_init
                0x10004ee4       0xec CMakeFiles/SEG.dir/D_/pico-env/pico-sdk/src/rp2_common/pico_stdio_usb/stdio_usb.c.obj
                0x10004ee4                stdio_usb_init
 .text.tud_descriptor_device_cb
                0x10004fd0        0x8 CMakeFiles/SEG.dir/D_/pico-env/pico-sdk/src/rp2_common/pico_stdio_usb/stdio_usb_descriptors.c.obj
                0x10004fd0                tud_descriptor_device_cb
 .text.tud_descriptor_configuration_cb
                0x10004fd8        0x8 CMakeFiles/SEG.dir/D_/pico-env/pico-sdk/src/rp2_common/pico_stdio_usb/stdio_usb_descriptors.c.obj
                0x10004fd8                tud_descriptor_configuration_cb
 .text.tud_descriptor_string_cb
                0x10004fe0       0x6c CMakeFiles/SEG.dir/D_/pico-env/pico-sdk/src/rp2_common/pico_stdio_usb/stdio_usb_descriptors.c.obj
                0x10004fe0                tud_descriptor_string_cb
 .text.hw_endpoint_get_by_addr
                0x1000504c       0x18 CMakeFiles/SEG.dir/D_/pico-env/pico-sdk/lib/tinyusb/src/portable/raspberrypi/rp2040/dcd_rp2040.c.obj
 .text.reset_ep0_pid
                0x10005064       0x28 CMakeFiles/SEG.dir/D_/pico-env/pico-sdk/lib/tinyusb/src/portable/raspberrypi/rp2040/dcd_rp2040.c.obj
 .text._hw_endpoint_alloc
                0x1000508c       0x70 CMakeFiles/SEG.dir/D_/pico-env/pico-sdk/lib/tinyusb/src/portable/raspberrypi/rp2040/dcd_rp2040.c.obj
 .text.hw_endpoint_init
                0x100050fc       0x88 CMakeFiles/SEG.dir/D_/pico-env/pico-sdk/lib/tinyusb/src/portable/raspberrypi/rp2040/dcd_rp2040.c.obj
 .text.reset_non_control_endpoints
                0x10005184       0x40 CMakeFiles/SEG.dir/D_/pico-env/pico-sdk/lib/tinyusb/src/portable/raspberrypi/rp2040/dcd_rp2040.c.obj
 .text.hw_handle_buff_status
                0x100051c4       0x8c CMakeFiles/SEG.dir/D_/pico-env/pico-sdk/lib/tinyusb/src/portable/raspberrypi/rp2040/dcd_rp2040.c.obj
 .text.dcd_rp2040_irq
                0x10005250       0xc0 CMakeFiles/SEG.dir/D_/pico-env/pico-sdk/lib/tinyusb/src/portable/raspberrypi/rp2040/dcd_rp2040.c.obj
 .text.hw_endpoint_xfer
                0x10005310       0x14 CMakeFiles/SEG.dir/D_/pico-env/pico-sdk/lib/tinyusb/src/portable/raspberrypi/rp2040/dcd_rp2040.c.obj
 .text.dcd_int_enable
                0x10005324       0x2c CMakeFiles/SEG.dir/D_/pico-env/pico-sdk/lib/tinyusb/src/portable/raspberrypi/rp2040/dcd_rp2040.c.obj
                0x10005324                dcd_int_enable
 .text.dcd_set_address
                0x10005350       0x2c CMakeFiles/SEG.dir/D_/pico-env/pico-sdk/lib/tinyusb/src/portable/raspberrypi/rp2040/dcd_rp2040.c.obj
                0x10005350                dcd_set_address
 .text.dcd_connect
                0x1000537c       0x10 CMakeFiles/SEG.dir/D_/pico-env/pico-sdk/lib/tinyusb/src/portable/raspberrypi/rp2040/dcd_rp2040.c.obj
                0x1000537c                dcd_connect
 .text.dcd_init
                0x1000538c       0x7c CMakeFiles/SEG.dir/D_/pico-env/pico-sdk/lib/tinyusb/src/portable/raspberrypi/rp2040/dcd_rp2040.c.obj
                0x1000538c                dcd_init
 .text.dcd_edpt0_status_complete
                0x10005408       0x1c CMakeFiles/SEG.dir/D_/pico-env/pico-sdk/lib/tinyusb/src/portable/raspberrypi/rp2040/dcd_rp2040.c.obj
                0x10005408                dcd_edpt0_status_complete
 .text.dcd_edpt_open
                0x10005424       0x40 CMakeFiles/SEG.dir/D_/pico-env/pico-sdk/lib/tinyusb/src/portable/raspberrypi/rp2040/dcd_rp2040.c.obj
                0x10005424                dcd_edpt_open
 .text.dcd_edpt_close_all
                0x10005464        0x8 CMakeFiles/SEG.dir/D_/pico-env/pico-sdk/lib/tinyusb/src/portable/raspberrypi/rp2040/dcd_rp2040.c.obj
                0x10005464                dcd_edpt_close_all
 .text.dcd_edpt_xfer
                0x1000546c       0x30 CMakeFiles/SEG.dir/D_/pico-env/pico-sdk/lib/tinyusb/src/portable/raspberrypi/rp2040/dcd_rp2040.c.obj
                0x1000546c                dcd_edpt_xfer
 .text.dcd_edpt_stall
                0x1000549c       0x2c CMakeFiles/SEG.dir/D_/pico-env/pico-sdk/lib/tinyusb/src/portable/raspberrypi/rp2040/dcd_rp2040.c.obj
                0x1000549c                dcd_edpt_stall
 .text.dcd_edpt_clear_stall
                0x100054c8       0x20 CMakeFiles/SEG.dir/D_/pico-env/pico-sdk/lib/tinyusb/src/portable/raspberrypi/rp2040/dcd_rp2040.c.obj
                0x100054c8                dcd_edpt_clear_stall
 .text.prepare_ep_buffer
                0x100054e8       0x70 CMakeFiles/SEG.dir/D_/pico-env/pico-sdk/lib/tinyusb/src/portable/raspberrypi/rp2040/rp2040_usb.c.obj
 .text.sync_ep_buffer
                0x10005558       0x7c CMakeFiles/SEG.dir/D_/pico-env/pico-sdk/lib/tinyusb/src/portable/raspberrypi/rp2040/rp2040_usb.c.obj
 .text._hw_endpoint_xfer_sync
                0x100055d4       0x28 CMakeFiles/SEG.dir/D_/pico-env/pico-sdk/lib/tinyusb/src/portable/raspberrypi/rp2040/rp2040_usb.c.obj
 .text.rp2040_usb_init
                0x100055fc       0x4c CMakeFiles/SEG.dir/D_/pico-env/pico-sdk/lib/tinyusb/src/portable/raspberrypi/rp2040/rp2040_usb.c.obj
                0x100055fc                rp2040_usb_init
 .text.hw_endpoint_reset_transfer
                0x10005648        0xc CMakeFiles/SEG.dir/D_/pico-env/pico-sdk/lib/tinyusb/src/portable/raspberrypi/rp2040/rp2040_usb.c.obj
                0x10005648                hw_endpoint_reset_transfer
 .text._hw_endpoint_buffer_control_update32
                0x10005654       0x58 CMakeFiles/SEG.dir/D_/pico-env/pico-sdk/lib/tinyusb/src/portable/raspberrypi/rp2040/rp2040_usb.c.obj
                0x10005654                _hw_endpoint_buffer_control_update32
 .text._hw_endpoint_start_next_buffer
                0x100056ac       0x74 CMakeFiles/SEG.dir/D_/pico-env/pico-sdk/lib/tinyusb/src/portable/raspberrypi/rp2040/rp2040_usb.c.obj
 .text.hw_endpoint_xfer_start
                0x10005720       0x48 CMakeFiles/SEG.dir/D_/pico-env/pico-sdk/lib/tinyusb/src/portable/raspberrypi/rp2040/rp2040_usb.c.obj
                0x10005720                hw_endpoint_xfer_start
 .text.hw_endpoint_xfer_continue
                0x10005768       0x38 CMakeFiles/SEG.dir/D_/pico-env/pico-sdk/lib/tinyusb/src/portable/raspberrypi/rp2040/rp2040_usb.c.obj
                0x10005768                hw_endpoint_xfer_continue
 .text.configuration_reset
                0x100057a0       0x84 CMakeFiles/SEG.dir/D_/pico-env/pico-sdk/lib/tinyusb/src/device/usbd.c.obj
 .text.usbd_reset
                0x10005824        0xc CMakeFiles/SEG.dir/D_/pico-env/pico-sdk/lib/tinyusb/src/device/usbd.c.obj
 .text.invoke_class_control
                0x10005830       0x1a CMakeFiles/SEG.dir/D_/pico-env/pico-sdk/lib/tinyusb/src/device/usbd.c.obj
 *fill*         0x1000584a        0x2 
 .text.process_set_config
                0x1000584c      0x1ac CMakeFiles/SEG.dir/D_/pico-env/pico-sdk/lib/tinyusb/src/device/usbd.c.obj
 .text.process_get_descriptor
                0x100059f8       0xec CMakeFiles/SEG.dir/D_/pico-env/pico-sdk/lib/tinyusb/src/device/usbd.c.obj
 .text.tud_mounted
                0x10005ae4       0x10 CMakeFiles/SEG.dir/D_/pico-env/pico-sdk/lib/tinyusb/src/device/usbd.c.obj
                0x10005ae4                tud_mounted
 .text.tud_suspended
                0x10005af4       0x10 CMakeFiles/SEG.dir/D_/pico-env/pico-sdk/lib/tinyusb/src/device/usbd.c.obj
                0x10005af4                tud_suspended
 .text.tud_inited
                0x10005b04        0xc CMakeFiles/SEG.dir/D_/pico-env/pico-sdk/lib/tinyusb/src/device/usbd.c.obj
                0x10005b04                tud_inited
 .text.tud_init
                0x10005b10       0xcc CMakeFiles/SEG.dir/D_/pico-env/pico-sdk/lib/tinyusb/src/device/usbd.c.obj
                0x10005b10                tud_init
 .text.dcd_event_handler
                0x10005bdc      0x1e0 CMakeFiles/SEG.dir/D_/pico-env/pico-sdk/lib/tinyusb/src/device/usbd.c.obj
                0x10005bdc                dcd_event_handler
 .text.dcd_event_bus_signal
                0x10005dbc       0x26 CMakeFiles/SEG.dir/D_/pico-env/pico-sdk/lib/tinyusb/src/device/usbd.c.obj
                0x10005dbc                dcd_event_bus_signal
 .text.dcd_event_bus_reset
                0x10005de2       0x2a CMakeFiles/SEG.dir/D_/pico-env/pico-sdk/lib/tinyusb/src/device/usbd.c.obj
                0x10005de2                dcd_event_bus_reset
 .text.dcd_event_setup_received
                0x10005e0c       0x34 CMakeFiles/SEG.dir/D_/pico-env/pico-sdk/lib/tinyusb/src/device/usbd.c.obj
                0x10005e0c                dcd_event_setup_received
 .text.dcd_event_xfer_complete
                0x10005e40       0x44 CMakeFiles/SEG.dir/D_/pico-env/pico-sdk/lib/tinyusb/src/device/usbd.c.obj
                0x10005e40                dcd_event_xfer_complete
 .text.usbd_edpt_open
                0x10005e84       0x58 CMakeFiles/SEG.dir/D_/pico-env/pico-sdk/lib/tinyusb/src/device/usbd.c.obj
                0x10005e84                usbd_edpt_open
 .text.usbd_open_edpt_pair
                0x10005edc       0x8c CMakeFiles/SEG.dir/D_/pico-env/pico-sdk/lib/tinyusb/src/device/usbd.c.obj
                0x10005edc                usbd_open_edpt_pair
 .text.usbd_edpt_claim
                0x10005f68       0x8c CMakeFiles/SEG.dir/D_/pico-env/pico-sdk/lib/tinyusb/src/device/usbd.c.obj
                0x10005f68                usbd_edpt_claim
 .text.usbd_edpt_release
                0x10005ff4       0x68 CMakeFiles/SEG.dir/D_/pico-env/pico-sdk/lib/tinyusb/src/device/usbd.c.obj
                0x10005ff4                usbd_edpt_release
 .text.usbd_edpt_xfer
                0x1000605c       0x80 CMakeFiles/SEG.dir/D_/pico-env/pico-sdk/lib/tinyusb/src/device/usbd.c.obj
                0x1000605c                usbd_edpt_xfer
 .text.usbd_edpt_stall
                0x100060dc       0x40 CMakeFiles/SEG.dir/D_/pico-env/pico-sdk/lib/tinyusb/src/device/usbd.c.obj
                0x100060dc                usbd_edpt_stall
 .text.usbd_edpt_clear_stall
                0x1000611c       0x40 CMakeFiles/SEG.dir/D_/pico-env/pico-sdk/lib/tinyusb/src/device/usbd.c.obj
                0x1000611c                usbd_edpt_clear_stall
 .text.usbd_edpt_stalled
                0x1000615c       0x1c CMakeFiles/SEG.dir/D_/pico-env/pico-sdk/lib/tinyusb/src/device/usbd.c.obj
                0x1000615c                usbd_edpt_stalled
 .text.process_control_request
                0x10006178      0x3b8 CMakeFiles/SEG.dir/D_/pico-env/pico-sdk/lib/tinyusb/src/device/usbd.c.obj
 .text.tud_task
                0x10006530      0x218 CMakeFiles/SEG.dir/D_/pico-env/pico-sdk/lib/tinyusb/src/device/usbd.c.obj
                0x10006530                tud_task
 .text._data_stage_xact
                0x10006748       0x58 CMakeFiles/SEG.dir/D_/pico-env/pico-sdk/lib/tinyusb/src/device/usbd_control.c.obj
 .text.tud_control_status
                0x100067a0       0x38 CMakeFiles/SEG.dir/D_/pico-env/pico-sdk/lib/tinyusb/src/device/usbd_control.c.obj
                0x100067a0                tud_control_status
 .text.tud_control_xfer
                0x100067d8       0xa8 CMakeFiles/SEG.dir/D_/pico-env/pico-sdk/lib/tinyusb/src/device/usbd_control.c.obj
                0x100067d8                tud_control_xfer
 .text.usbd_control_reset
                0x10006880       0x14 CMakeFiles/SEG.dir/D_/pico-env/pico-sdk/lib/tinyusb/src/device/usbd_control.c.obj
                0x10006880                usbd_control_reset
 .text.usbd_control_set_complete_callback
                0x10006894        0xc CMakeFiles/SEG.dir/D_/pico-env/pico-sdk/lib/tinyusb/src/device/usbd_control.c.obj
                0x10006894                usbd_control_set_complete_callback
 .text.usbd_control_set_request
                0x100068a0       0x1c CMakeFiles/SEG.dir/D_/pico-env/pico-sdk/lib/tinyusb/src/device/usbd_control.c.obj
                0x100068a0                usbd_control_set_request
 .text.usbd_control_xfer_cb
                0x100068bc       0xfc CMakeFiles/SEG.dir/D_/pico-env/pico-sdk/lib/tinyusb/src/device/usbd_control.c.obj
                0x100068bc                usbd_control_xfer_cb
 .text._prep_out_transaction
                0x100069b8       0x46 CMakeFiles/SEG.dir/D_/pico-env/pico-sdk/lib/tinyusb/src/class/cdc/cdc_device.c.obj
 *fill*         0x100069fe        0x2 
 .text.tud_cdc_n_connected
                0x10006a00       0x44 CMakeFiles/SEG.dir/D_/pico-env/pico-sdk/lib/tinyusb/src/class/cdc/cdc_device.c.obj
                0x10006a00                tud_cdc_n_connected
 .text.tud_cdc_n_available
                0x10006a44       0x18 CMakeFiles/SEG.dir/D_/pico-env/pico-sdk/lib/tinyusb/src/class/cdc/cdc_device.c.obj
                0x10006a44                tud_cdc_n_available
 .text.tud_cdc_n_read
                0x10006a5c       0x28 CMakeFiles/SEG.dir/D_/pico-env/pico-sdk/lib/tinyusb/src/class/cdc/cdc_device.c.obj
                0x10006a5c                tud_cdc_n_read
 .text.tud_cdc_n_write_flush
                0x10006a84       0xcc CMakeFiles/SEG.dir/D_/pico-env/pico-sdk/lib/tinyusb/src/class/cdc/cdc_device.c.obj
                0x10006a84                tud_cdc_n_write_flush
 .text.tud_cdc_n_write
                0x10006b50       0x38 CMakeFiles/SEG.dir/D_/pico-env/pico-sdk/lib/tinyusb/src/class/cdc/cdc_device.c.obj
                0x10006b50                tud_cdc_n_write
 .text.tud_cdc_n_write_available
                0x10006b88       0x1c CMakeFiles/SEG.dir/D_/pico-env/pico-sdk/lib/tinyusb/src/class/cdc/cdc_device.c.obj
                0x10006b88                tud_cdc_n_write_available
 .text.cdcd_init
                0x10006ba4       0xbc CMakeFiles/SEG.dir/D_/pico-env/pico-sdk/lib/tinyusb/src/class/cdc/cdc_device.c.obj
                0x10006ba4                cdcd_init
 .text.cdcd_reset
                0x10006c60       0x44 CMakeFiles/SEG.dir/D_/pico-env/pico-sdk/lib/tinyusb/src/class/cdc/cdc_device.c.obj
                0x10006c60                cdcd_reset
 .text.cdcd_open
                0x10006ca4       0xf8 CMakeFiles/SEG.dir/D_/pico-env/pico-sdk/lib/tinyusb/src/class/cdc/cdc_device.c.obj
                0x10006ca4                cdcd_open
 .text.cdcd_control_xfer_cb
                0x10006d9c      0x134 CMakeFiles/SEG.dir/D_/pico-env/pico-sdk/lib/tinyusb/src/class/cdc/cdc_device.c.obj
                0x10006d9c                cdcd_control_xfer_cb
 .text.cdcd_xfer_cb
                0x10006ed0      0x144 CMakeFiles/SEG.dir/D_/pico-env/pico-sdk/lib/tinyusb/src/class/cdc/cdc_device.c.obj
                0x10006ed0                cdcd_xfer_cb
 .text.tusb_init
                0x10007014       0x24 CMakeFiles/SEG.dir/D_/pico-env/pico-sdk/lib/tinyusb/src/tusb.c.obj
                0x10007014                tusb_init
 .text.tusb_inited
                0x10007038        0xe CMakeFiles/SEG.dir/D_/pico-env/pico-sdk/lib/tinyusb/src/tusb.c.obj
                0x10007038                tusb_inited
 *fill*         0x10007046        0x2 
 .text.tu_edpt_validate
                0x10007048       0xa8 CMakeFiles/SEG.dir/D_/pico-env/pico-sdk/lib/tinyusb/src/tusb.c.obj
                0x10007048                tu_edpt_validate
 .text.tu_edpt_bind_driver
                0x100070f0       0x2a CMakeFiles/SEG.dir/D_/pico-env/pico-sdk/lib/tinyusb/src/tusb.c.obj
                0x100070f0                tu_edpt_bind_driver
 .text.advance_pointer
                0x1000711a       0x18 CMakeFiles/SEG.dir/D_/pico-env/pico-sdk/lib/tinyusb/src/common/tusb_fifo.c.obj
 .text.backward_pointer
                0x10007132       0x1e CMakeFiles/SEG.dir/D_/pico-env/pico-sdk/lib/tinyusb/src/common/tusb_fifo.c.obj
 .text.get_relative_pointer
                0x10007150       0x10 CMakeFiles/SEG.dir/D_/pico-env/pico-sdk/lib/tinyusb/src/common/tusb_fifo.c.obj
 .text._tu_fifo_peek
                0x10007160       0x50 CMakeFiles/SEG.dir/D_/pico-env/pico-sdk/lib/tinyusb/src/common/tusb_fifo.c.obj
 .text._ff_pull_const_addr
                0x100071b0       0x4c CMakeFiles/SEG.dir/D_/pico-env/pico-sdk/lib/tinyusb/src/common/tusb_fifo.c.obj
 .text._ff_pull_n
                0x100071fc      0x10c CMakeFiles/SEG.dir/D_/pico-env/pico-sdk/lib/tinyusb/src/common/tusb_fifo.c.obj
 .text._tu_fifo_peek_n
                0x10007308       0x5e CMakeFiles/SEG.dir/D_/pico-env/pico-sdk/lib/tinyusb/src/common/tusb_fifo.c.obj
 .text._tu_fifo_read_n
                0x10007366       0x4e CMakeFiles/SEG.dir/D_/pico-env/pico-sdk/lib/tinyusb/src/common/tusb_fifo.c.obj
 .text._ff_push_const_addr
                0x100073b4       0x40 CMakeFiles/SEG.dir/D_/pico-env/pico-sdk/lib/tinyusb/src/common/tusb_fifo.c.obj
 .text._ff_push_n
                0x100073f4      0x106 CMakeFiles/SEG.dir/D_/pico-env/pico-sdk/lib/tinyusb/src/common/tusb_fifo.c.obj
 .text._tu_fifo_write_n
                0x100074fa       0x9e CMakeFiles/SEG.dir/D_/pico-env/pico-sdk/lib/tinyusb/src/common/tusb_fifo.c.obj
 .text.tu_fifo_config
                0x10007598       0x72 CMakeFiles/SEG.dir/D_/pico-env/pico-sdk/lib/tinyusb/src/common/tusb_fifo.c.obj
                0x10007598                tu_fifo_config
 .text.tu_fifo_count
                0x1000760a       0x26 CMakeFiles/SEG.dir/D_/pico-env/pico-sdk/lib/tinyusb/src/common/tusb_fifo.c.obj
                0x1000760a                tu_fifo_count
 .text.tu_fifo_empty
                0x10007630        0xe CMakeFiles/SEG.dir/D_/pico-env/pico-sdk/lib/tinyusb/src/common/tusb_fifo.c.obj
                0x10007630                tu_fifo_empty
 .text.tu_fifo_remaining
                0x1000763e       0x20 CMakeFiles/SEG.dir/D_/pico-env/pico-sdk/lib/tinyusb/src/common/tusb_fifo.c.obj
                0x1000763e                tu_fifo_remaining
 .text.tu_fifo_read
                0x1000765e       0x42 CMakeFiles/SEG.dir/D_/pico-env/pico-sdk/lib/tinyusb/src/common/tusb_fifo.c.obj
                0x1000765e                tu_fifo_read
 .text.tu_fifo_read_n
                0x100076a0        0xa CMakeFiles/SEG.dir/D_/pico-env/pico-sdk/lib/tinyusb/src/common/tusb_fifo.c.obj
                0x100076a0                tu_fifo_read_n
 .text.tu_fifo_write
                0x100076aa       0x6c CMakeFiles/SEG.dir/D_/pico-env/pico-sdk/lib/tinyusb/src/common/tusb_fifo.c.obj
                0x100076aa                tu_fifo_write
 .text.tu_fifo_write_n
                0x10007716        0xa CMakeFiles/SEG.dir/D_/pico-env/pico-sdk/lib/tinyusb/src/common/tusb_fifo.c.obj
                0x10007716                tu_fifo_write_n
 .text.tu_fifo_clear
                0x10007720       0x4c CMakeFiles/SEG.dir/D_/pico-env/pico-sdk/lib/tinyusb/src/common/tusb_fifo.c.obj
                0x10007720                tu_fifo_clear
 .text.tu_fifo_set_overwritable
                0x1000776c       0x3c CMakeFiles/SEG.dir/D_/pico-env/pico-sdk/lib/tinyusb/src/common/tusb_fifo.c.obj
                0x1000776c                tu_fifo_set_overwritable
 .text._retrieve_unique_id_on_boot
                0x100077a8       0x10 CMakeFiles/SEG.dir/D_/pico-env/pico-sdk/src/rp2_common/pico_unique_id/unique_id.c.obj
 .text.pico_get_unique_board_id_string
                0x100077b8       0x60 CMakeFiles/SEG.dir/D_/pico-env/pico-sdk/src/rp2_common/pico_unique_id/unique_id.c.obj
                0x100077b8                pico_get_unique_board_id_string
 .text.flash_get_unique_id
                0x10007818       0x46 CMakeFiles/SEG.dir/D_/pico-env/pico-sdk/src/rp2_common/hardware_flash/flash.c.obj
                0x10007818                flash_get_unique_id
 *fill*         0x1000785e        0x2 
 .text.strlen   0x10007860       0x5c d:/9 2019-q4-major/bin/../lib/gcc/arm-none-eabi/9.2.1/../../../../arm-none-eabi/lib/thumb/v6-m/nofp\libg.a(lib_a-strlen-stub.o)
                0x10007860                strlen
 *(.fini)
 .fini          0x100078bc        0x4 d:/9 2019-q4-major/bin/../lib/gcc/arm-none-eabi/9.2.1/thumb/v6-m/nofp/crti.o
                0x100078bc                _fini
 .fini.__stub   0x100078c0       0x80 linker stubs
 *crtbegin.o(.ctors)
 *crtbegin?.o(.ctors)
 *(EXCLUDE_FILE(*crtend.o *crtend?.o) .ctors)
 *(SORT_BY_NAME(.ctors.*))
 *(.ctors)
 *crtbegin.o(.dtors)
 *crtbegin?.o(.dtors)
 *(EXCLUDE_FILE(*crtend.o *crtend?.o) .dtors)
 *(SORT_BY_NAME(.dtors.*))
 *(.dtors)
 *(.eh_frame*)
 .eh_frame      0x10007940        0x0 d:/9 2019-q4-major/bin/../lib/gcc/arm-none-eabi/9.2.1/thumb/v6-m/nofp/crtbegin.o
                0x10007940                . = ALIGN (0x4)

.glue_7         0x10007940        0x0
 .glue_7        0x10007940        0x0 linker stubs

.glue_7t        0x10007940        0x0
 .glue_7t       0x10007940        0x0 linker stubs

.vfp11_veneer   0x10007940        0x0
 .vfp11_veneer  0x10007940        0x0 linker stubs

.v4_bx          0x10007940        0x0
 .v4_bx         0x10007940        0x0 linker stubs

.iplt           0x10007940        0x0
 .iplt          0x10007940        0x0 d:/9 2019-q4-major/bin/../lib/gcc/arm-none-eabi/9.2.1/thumb/v6-m/nofp/crtbegin.o

.rodata         0x10007940     0x16c4
 *(EXCLUDE_FILE(*libm.a: *libc.a:*lib_a-mem*.o *libgcc.a:) .rodata*)
 .rodata.alarm_callback.str1.4
                0x10007940       0x11 CMakeFiles/SEG.dir/SEG.c.obj
 *fill*         0x10007951        0x3 
 .rodata.repeating_timer_callback.str1.4
                0x10007954        0x7 CMakeFiles/SEG.dir/SEG.c.obj
 *fill*         0x1000795b        0x1 
 .rodata.main.str1.4
                0x1000795c       0x5b CMakeFiles/SEG.dir/SEG.c.obj
 *fill*         0x100079b7        0x1 
 .rodata.SEG_Code
                0x100079b8       0x10 CMakeFiles/SEG.dir/SEG.c.obj
                0x100079b8                SEG_Code
 .rodata.__func__.4215
                0x100079c8       0x15 CMakeFiles/SEG.dir/SEG.c.obj
 *fill*         0x100079dd        0x3 
 .rodata.spin_lock_claim_unused.str1.4
                0x100079e0       0x1b CMakeFiles/SEG.dir/D_/pico-env/pico-sdk/src/rp2_common/hardware_sync/sync.c.obj
 *fill*         0x100079fb        0x1 
 .rodata.make_branch.str1.4
                0x100079fc       0x67 CMakeFiles/SEG.dir/D_/pico-env/pico-sdk/src/rp2_common/hardware_irq/irq.c.obj
 *fill*         0x10007a63        0x1 
 .rodata.insert_branch_and_link.str1.4
                0x10007a64       0x10 CMakeFiles/SEG.dir/D_/pico-env/pico-sdk/src/rp2_common/hardware_irq/irq.c.obj
 .rodata.irq_set_exclusive_handler.str1.4
                0x10007a74       0x36 CMakeFiles/SEG.dir/D_/pico-env/pico-sdk/src/rp2_common/hardware_irq/irq.c.obj
 *fill*         0x10007aaa        0x2 
 .rodata.irq_add_shared_handler.str1.4
                0x10007aac       0xd9 CMakeFiles/SEG.dir/D_/pico-env/pico-sdk/src/rp2_common/hardware_irq/irq.c.obj
 *fill*         0x10007b85        0x3 
 .rodata.irq_remove_handler.str1.4
                0x10007b88       0x2a CMakeFiles/SEG.dir/D_/pico-env/pico-sdk/src/rp2_common/hardware_irq/irq.c.obj
 *fill*         0x10007bb2        0x2 
 .rodata.irq_add_tail_to_free_list.str1.4
                0x10007bb4       0x3a CMakeFiles/SEG.dir/D_/pico-env/pico-sdk/src/rp2_common/hardware_irq/irq.c.obj
 *fill*         0x10007bee        0x2 
 .rodata.user_irq_claim_unused.str1.4
                0x10007bf0       0x1b CMakeFiles/SEG.dir/D_/pico-env/pico-sdk/src/rp2_common/hardware_irq/irq.c.obj
 *fill*         0x10007c0b        0x1 
 .rodata.__func__.4779
                0x10007c0c       0x1a CMakeFiles/SEG.dir/D_/pico-env/pico-sdk/src/rp2_common/hardware_irq/irq.c.obj
 *fill*         0x10007c26        0x2 
 .rodata.__func__.4793
                0x10007c28        0xc CMakeFiles/SEG.dir/D_/pico-env/pico-sdk/src/rp2_common/hardware_irq/irq.c.obj
 .rodata.__func__.4801
                0x10007c34       0x17 CMakeFiles/SEG.dir/D_/pico-env/pico-sdk/src/rp2_common/hardware_irq/irq.c.obj
 *fill*         0x10007c4b        0x1 
 .rodata.__func__.4805
                0x10007c4c        0xf CMakeFiles/SEG.dir/D_/pico-env/pico-sdk/src/rp2_common/hardware_irq/irq.c.obj
 *fill*         0x10007c5b        0x1 
 .rodata.__func__.4822
                0x10007c5c       0x17 CMakeFiles/SEG.dir/D_/pico-env/pico-sdk/src/rp2_common/hardware_irq/irq.c.obj
 *fill*         0x10007c73        0x1 
 .rodata.__func__.4844
                0x10007c74       0x13 CMakeFiles/SEG.dir/D_/pico-env/pico-sdk/src/rp2_common/hardware_irq/irq.c.obj
 *fill*         0x10007c87        0x1 
 .rodata.__func__.4866
                0x10007c88       0x1a CMakeFiles/SEG.dir/D_/pico-env/pico-sdk/src/rp2_common/hardware_irq/irq.c.obj
 *fill*         0x10007ca2        0x2 
 .rodata.repeating_timer_callback.str1.4
                0x10007ca4       0x45 CMakeFiles/SEG.dir/D_/pico-env/pico-sdk/src/common/pico_time/time.c.obj
 *fill*         0x10007ce9        0x3 
 .rodata.alarm_pool_dump_key.str1.4
                0x10007cec       0x33 CMakeFiles/SEG.dir/D_/pico-env/pico-sdk/src/common/pico_time/time.c.obj
 *fill*         0x10007d1f        0x1 
 .rodata.ph_add_child_node.str1.4
                0x10007d20       0x8e CMakeFiles/SEG.dir/D_/pico-env/pico-sdk/src/common/pico_time/time.c.obj
 *fill*         0x10007dae        0x2 
 .rodata.add_alarm_under_lock.str1.4
                0x10007db0       0x28 CMakeFiles/SEG.dir/D_/pico-env/pico-sdk/src/common/pico_time/time.c.obj
                                 0x2b (size before relaxing)
 .rodata.alarm_pool_alarm_callback.str1.4
                0x10007dd8       0x82 CMakeFiles/SEG.dir/D_/pico-env/pico-sdk/src/common/pico_time/time.c.obj
                                 0xde (size before relaxing)
 *fill*         0x10007e5a        0x2 
 .rodata.alarm_pool_get_default.str1.4
                0x10007e5c       0x21 CMakeFiles/SEG.dir/D_/pico-env/pico-sdk/src/common/pico_time/time.c.obj
 *fill*         0x10007e7d        0x3 
 .rodata.alarm_pool_cancel_alarm.str1.4
                0x10007e80       0x27 CMakeFiles/SEG.dir/D_/pico-env/pico-sdk/src/common/pico_time/time.c.obj
 *fill*         0x10007ea7        0x1 
 .rodata.sleep_until.str1.4
                0x10007ea8       0x4d CMakeFiles/SEG.dir/D_/pico-env/pico-sdk/src/common/pico_time/time.c.obj
 *fill*         0x10007ef5        0x3 
 .rodata.__func__.5710
                0x10007ef8       0x15 CMakeFiles/SEG.dir/D_/pico-env/pico-sdk/src/common/pico_time/time.c.obj
 *fill*         0x10007f0d        0x3 
 .rodata.__func__.6028
                0x10007f10        0xc CMakeFiles/SEG.dir/D_/pico-env/pico-sdk/src/common/pico_time/time.c.obj
 .rodata.__func__.6035
                0x10007f1c       0x12 CMakeFiles/SEG.dir/D_/pico-env/pico-sdk/src/common/pico_time/time.c.obj
 *fill*         0x10007f2e        0x2 
 .rodata.__func__.6051
                0x10007f30        0xf CMakeFiles/SEG.dir/D_/pico-env/pico-sdk/src/common/pico_time/time.c.obj
 *fill*         0x10007f3f        0x1 
 .rodata.__func__.6073
                0x10007f40        0xd CMakeFiles/SEG.dir/D_/pico-env/pico-sdk/src/common/pico_time/time.c.obj
 *fill*         0x10007f4d        0x3 
 .rodata.__func__.6296
                0x10007f50        0xa CMakeFiles/SEG.dir/D_/pico-env/pico-sdk/src/common/pico_time/time.c.obj
 *fill*         0x10007f5a        0x2 
 .rodata.__func__.6301
                0x10007f5c       0x12 CMakeFiles/SEG.dir/D_/pico-env/pico-sdk/src/common/pico_time/time.c.obj
 *fill*         0x10007f6e        0x2 
 .rodata.__func__.6316
                0x10007f70       0x17 CMakeFiles/SEG.dir/D_/pico-env/pico-sdk/src/common/pico_time/time.c.obj
 *fill*         0x10007f87        0x1 
 .rodata.__func__.6327
                0x10007f88       0x15 CMakeFiles/SEG.dir/D_/pico-env/pico-sdk/src/common/pico_time/time.c.obj
 *fill*         0x10007f9d        0x3 
 .rodata.__func__.6344
                0x10007fa0       0x1a CMakeFiles/SEG.dir/D_/pico-env/pico-sdk/src/common/pico_time/time.c.obj
 *fill*         0x10007fba        0x2 
 .rodata.__func__.6383
                0x10007fbc       0x18 CMakeFiles/SEG.dir/D_/pico-env/pico-sdk/src/common/pico_time/time.c.obj
 .rodata.__func__.6398
                0x10007fd4       0x19 CMakeFiles/SEG.dir/D_/pico-env/pico-sdk/src/common/pico_time/time.c.obj
 *fill*         0x10007fed        0x3 
 .rodata.hardware_alarm_claim.str1.4
                0x10007ff0       0x22 CMakeFiles/SEG.dir/D_/pico-env/pico-sdk/src/rp2_common/hardware_timer/timer.c.obj
 *fill*         0x10008012        0x2 
 .rodata.hardware_alarm_set_target.str1.4
                0x10008014       0x5f CMakeFiles/SEG.dir/D_/pico-env/pico-sdk/src/rp2_common/hardware_timer/timer.c.obj
 *fill*         0x10008073        0x1 
 .rodata.__func__.4577
                0x10008074       0x1a CMakeFiles/SEG.dir/D_/pico-env/pico-sdk/src/rp2_common/hardware_timer/timer.c.obj
 .rodata.ph_add_child_node.str1.4
                0x1000808e       0x8e CMakeFiles/SEG.dir/D_/pico-env/pico-sdk/src/common/pico_util/pheap.c.obj
 *fill*         0x1000808e        0x2 
 .rodata.ph_remove_any_head.str1.4
                0x10008090       0x88 CMakeFiles/SEG.dir/D_/pico-env/pico-sdk/src/common/pico_util/pheap.c.obj
 .rodata.ph_remove_and_free_node.str1.4
                0x10008118       0x1e CMakeFiles/SEG.dir/D_/pico-env/pico-sdk/src/common/pico_util/pheap.c.obj
                                 0x26 (size before relaxing)
 *fill*         0x10008136        0x2 
 .rodata.__func__.5726
                0x10008138        0xc CMakeFiles/SEG.dir/D_/pico-env/pico-sdk/src/common/pico_util/pheap.c.obj
 .rodata.__func__.5733
                0x10008144       0x12 CMakeFiles/SEG.dir/D_/pico-env/pico-sdk/src/common/pico_util/pheap.c.obj
 *fill*         0x10008156        0x2 
 .rodata.__func__.5819
                0x10008158       0x13 CMakeFiles/SEG.dir/D_/pico-env/pico-sdk/src/common/pico_util/pheap.c.obj
 *fill*         0x1000816b        0x1 
 .rodata.__func__.5837
                0x1000816c       0x18 CMakeFiles/SEG.dir/D_/pico-env/pico-sdk/src/common/pico_util/pheap.c.obj
 .rodata.str1.4
                0x10008184       0x85 CMakeFiles/SEG.dir/D_/pico-env/pico-sdk/src/common/pico_sync/mutex.c.obj
                                 0xe1 (size before relaxing)
 *fill*         0x10008209        0x3 
 .rodata.__func__.4215
                0x1000820c       0x15 CMakeFiles/SEG.dir/D_/pico-env/pico-sdk/src/common/pico_sync/mutex.c.obj
 *fill*         0x10008221        0x3 
 .rodata.__func__.4692
                0x10008224       0x18 CMakeFiles/SEG.dir/D_/pico-env/pico-sdk/src/common/pico_sync/mutex.c.obj
 .rodata.__func__.4711
                0x1000823c        0xb CMakeFiles/SEG.dir/D_/pico-env/pico-sdk/src/common/pico_sync/mutex.c.obj
 *fill*         0x10008247        0x1 
 .rodata.__assert_func.str1.4
                0x10008248       0x3f CMakeFiles/SEG.dir/D_/pico-env/pico-sdk/src/rp2_common/pico_runtime/runtime.c.obj
                                 0x43 (size before relaxing)
 *fill*         0x10008287        0x1 
 .rodata.runtime_init.str1.4
                0x10008288       0x5b CMakeFiles/SEG.dir/D_/pico-env/pico-sdk/src/rp2_common/pico_runtime/runtime.c.obj
 *fill*         0x100082e3        0x1 
 .rodata.panic.str1.4
                0x100082e4       0x12 CMakeFiles/SEG.dir/D_/pico-env/pico-sdk/src/rp2_common/pico_runtime/runtime.c.obj
 *fill*         0x100082f6        0x2 
 .rodata.__func__.5844
                0x100082f8        0xd CMakeFiles/SEG.dir/D_/pico-env/pico-sdk/src/rp2_common/pico_runtime/runtime.c.obj
 *fill*         0x10008305        0x3 
 .rodata.clock_configure.str1.4
                0x10008308       0x51 CMakeFiles/SEG.dir/D_/pico-env/pico-sdk/src/rp2_common/hardware_clocks/clocks.c.obj
 *fill*         0x10008359        0x3 
 .rodata.__func__.4761
                0x1000835c       0x10 CMakeFiles/SEG.dir/D_/pico-env/pico-sdk/src/rp2_common/hardware_clocks/clocks.c.obj
 .rodata.pll_init.str1.4
                0x1000836c      0x133 CMakeFiles/SEG.dir/D_/pico-env/pico-sdk/src/rp2_common/hardware_pll/pll.c.obj
 *fill*         0x1000849f        0x1 
 .rodata.__func__.4418
                0x100084a0        0x9 CMakeFiles/SEG.dir/D_/pico-env/pico-sdk/src/rp2_common/hardware_pll/pll.c.obj
 *fill*         0x100084a9        0x3 
 .rodata._ftoa.str1.4
                0x100084ac       0x15 CMakeFiles/SEG.dir/D_/pico-env/pico-sdk/src/rp2_common/pico_printf/printf.c.obj
 *fill*         0x100084c1        0x3 
 .rodata._vsnprintf
                0x100084c4      0x1e0 CMakeFiles/SEG.dir/D_/pico-env/pico-sdk/src/rp2_common/pico_printf/printf.c.obj
 *fill*         0x100086a4        0x4 
 .rodata.pow10.5440
                0x100086a8       0x50 CMakeFiles/SEG.dir/D_/pico-env/pico-sdk/src/rp2_common/pico_printf/printf.c.obj
 .rodata.__aeabi_double_init.str1.4
                0x100086f8       0xa2 CMakeFiles/SEG.dir/D_/pico-env/pico-sdk/src/rp2_common/pico_double/double_init_rom.c.obj
 *fill*         0x1000879a        0x2 
 .rodata.__func__.4750
                0x1000879c       0x14 CMakeFiles/SEG.dir/D_/pico-env/pico-sdk/src/rp2_common/pico_double/double_init_rom.c.obj
 .rodata.__aeabi_float_init.str1.4
                0x100087b0       0x74 CMakeFiles/SEG.dir/D_/pico-env/pico-sdk/src/rp2_common/pico_float/float_init_rom.c.obj
                                 0x78 (size before relaxing)
 .rodata.__func__.4751
                0x10008824       0x13 CMakeFiles/SEG.dir/D_/pico-env/pico-sdk/src/rp2_common/pico_float/float_init_rom.c.obj
 *fill*         0x10008837        0x1 
 .rodata.str1.4
                0x10008838       0x38 CMakeFiles/SEG.dir/D_/pico-env/pico-sdk/src/rp2_common/pico_standard_link/binary_info.c.obj
 .rodata.__bi_44
                0x10008870        0xc CMakeFiles/SEG.dir/D_/pico-env/pico-sdk/src/rp2_common/pico_standard_link/binary_info.c.obj
 .rodata.__bi_75
                0x1000887c        0xc CMakeFiles/SEG.dir/D_/pico-env/pico-sdk/src/rp2_common/pico_standard_link/binary_info.c.obj
 .rodata.__bi_81
                0x10008888        0xc CMakeFiles/SEG.dir/D_/pico-env/pico-sdk/src/rp2_common/pico_standard_link/binary_info.c.obj
 .rodata.crlf_str.5919
                0x10008894        0x2 CMakeFiles/SEG.dir/D_/pico-env/pico-sdk/src/rp2_common/pico_stdio/stdio.c.obj
 *fill*         0x10008896        0x2 
 .rodata._resetd_driver
                0x10008898       0x18 CMakeFiles/SEG.dir/D_/pico-env/pico-sdk/src/rp2_common/pico_stdio_usb/reset_interface.c.obj
 .rodata.timer_task.str1.4
                0x100088b0       0x67 CMakeFiles/SEG.dir/D_/pico-env/pico-sdk/src/rp2_common/pico_stdio_usb/stdio_usb.c.obj
 .rodata.stdio_usb_init.str1.4
                0x10008917       0x5b CMakeFiles/SEG.dir/D_/pico-env/pico-sdk/src/rp2_common/pico_stdio_usb/stdio_usb.c.obj
 *fill*         0x10008917        0x1 
 .rodata.str1.4
                0x10008918       0x13 CMakeFiles/SEG.dir/D_/pico-env/pico-sdk/src/rp2_common/pico_stdio_usb/stdio_usb.c.obj
 *fill*         0x1000892b        0x1 
 .rodata.__bi_118.7252
                0x1000892c        0xc CMakeFiles/SEG.dir/D_/pico-env/pico-sdk/src/rp2_common/pico_stdio_usb/stdio_usb.c.obj
 .rodata.__func__.5433
                0x10008938       0x15 CMakeFiles/SEG.dir/D_/pico-env/pico-sdk/src/rp2_common/pico_stdio_usb/stdio_usb.c.obj
 *fill*         0x1000894d        0x3 
 .rodata.__func__.7226
                0x10008950        0xb CMakeFiles/SEG.dir/D_/pico-env/pico-sdk/src/rp2_common/pico_stdio_usb/stdio_usb.c.obj
 *fill*         0x1000895b        0x1 
 .rodata.str1.4
                0x1000895c       0x2a CMakeFiles/SEG.dir/D_/pico-env/pico-sdk/src/rp2_common/pico_stdio_usb/stdio_usb_descriptors.c.obj
 *fill*         0x10008986        0x2 
 .rodata.usbd_desc_cfg
                0x10008988       0x54 CMakeFiles/SEG.dir/D_/pico-env/pico-sdk/src/rp2_common/pico_stdio_usb/stdio_usb_descriptors.c.obj
 .rodata.usbd_desc_device
                0x100089dc       0x12 CMakeFiles/SEG.dir/D_/pico-env/pico-sdk/src/rp2_common/pico_stdio_usb/stdio_usb_descriptors.c.obj
 *fill*         0x100089ee        0x2 
 .rodata.usbd_desc_str
                0x100089f0       0x18 CMakeFiles/SEG.dir/D_/pico-env/pico-sdk/src/rp2_common/pico_stdio_usb/stdio_usb_descriptors.c.obj
 .rodata._hw_endpoint_alloc.str1.4
                0x10008a08       0xb1 CMakeFiles/SEG.dir/D_/pico-env/pico-sdk/lib/tinyusb/src/portable/raspberrypi/rp2040/dcd_rp2040.c.obj
 *fill*         0x10008ab9        0x3 
 .rodata.dcd_rp2040_irq.str1.4
                0x10008abc       0x14 CMakeFiles/SEG.dir/D_/pico-env/pico-sdk/lib/tinyusb/src/portable/raspberrypi/rp2040/dcd_rp2040.c.obj
 .rodata.dcd_int_enable.str1.4
                0x10008ad0        0xc CMakeFiles/SEG.dir/D_/pico-env/pico-sdk/lib/tinyusb/src/portable/raspberrypi/rp2040/dcd_rp2040.c.obj
 .rodata.__func__.6918
                0x10008adc       0x13 CMakeFiles/SEG.dir/D_/pico-env/pico-sdk/lib/tinyusb/src/portable/raspberrypi/rp2040/dcd_rp2040.c.obj
 *fill*         0x10008aef        0x1 
 .rodata.__func__.6971
                0x10008af0        0x9 CMakeFiles/SEG.dir/D_/pico-env/pico-sdk/lib/tinyusb/src/portable/raspberrypi/rp2040/dcd_rp2040.c.obj
 *fill*         0x10008af9        0x3 
 .rodata.__func__.6975
                0x10008afc        0xf CMakeFiles/SEG.dir/D_/pico-env/pico-sdk/lib/tinyusb/src/portable/raspberrypi/rp2040/dcd_rp2040.c.obj
 *fill*         0x10008b0b        0x1 
 .rodata.__func__.6984
                0x10008b0c       0x10 CMakeFiles/SEG.dir/D_/pico-env/pico-sdk/lib/tinyusb/src/portable/raspberrypi/rp2040/dcd_rp2040.c.obj
 .rodata.__func__.7003
                0x10008b1c        0xe CMakeFiles/SEG.dir/D_/pico-env/pico-sdk/lib/tinyusb/src/portable/raspberrypi/rp2040/dcd_rp2040.c.obj
 *fill*         0x10008b2a        0x2 
 .rodata.__func__.7013
                0x10008b2c        0xe CMakeFiles/SEG.dir/D_/pico-env/pico-sdk/lib/tinyusb/src/portable/raspberrypi/rp2040/dcd_rp2040.c.obj
 *fill*         0x10008b3a        0x2 
 .rodata.sync_ep_buffer.str1.4
                0x10008b3c       0x8d CMakeFiles/SEG.dir/D_/pico-env/pico-sdk/lib/tinyusb/src/portable/raspberrypi/rp2040/rp2040_usb.c.obj
 *fill*         0x10008bc9        0x3 
 .rodata._hw_endpoint_buffer_control_update32.str1.4
                0x10008bcc       0x1f CMakeFiles/SEG.dir/D_/pico-env/pico-sdk/lib/tinyusb/src/portable/raspberrypi/rp2040/rp2040_usb.c.obj
 *fill*         0x10008beb        0x1 
 .rodata.hw_endpoint_xfer_start.str1.4
                0x10008bec       0x38 CMakeFiles/SEG.dir/D_/pico-env/pico-sdk/lib/tinyusb/src/portable/raspberrypi/rp2040/rp2040_usb.c.obj
 .rodata.hw_endpoint_xfer_continue.str1.4
                0x10008c24       0x29 CMakeFiles/SEG.dir/D_/pico-env/pico-sdk/lib/tinyusb/src/portable/raspberrypi/rp2040/rp2040_usb.c.obj
 *fill*         0x10008c4d        0x3 
 .rodata.str1.4
                0x10008c50        0x7 CMakeFiles/SEG.dir/D_/pico-env/pico-sdk/lib/tinyusb/src/portable/raspberrypi/rp2040/rp2040_usb.c.obj
 *fill*         0x10008c57        0x1 
 .rodata.__func__.6683
                0x10008c58        0xf CMakeFiles/SEG.dir/D_/pico-env/pico-sdk/lib/tinyusb/src/portable/raspberrypi/rp2040/rp2040_usb.c.obj
 *fill*         0x10008c67        0x1 
 .rodata.process_set_config.str1.4
                0x10008c68       0x17 CMakeFiles/SEG.dir/D_/pico-env/pico-sdk/lib/tinyusb/src/device/usbd.c.obj
 *fill*         0x10008c7f        0x1 
 .rodata.process_get_descriptor
                0x10008c80       0x40 CMakeFiles/SEG.dir/D_/pico-env/pico-sdk/lib/tinyusb/src/device/usbd.c.obj
 .rodata.process_control_request
                0x10008cc0       0x28 CMakeFiles/SEG.dir/D_/pico-env/pico-sdk/lib/tinyusb/src/device/usbd.c.obj
 .rodata.tud_task
                0x10008ce8       0x24 CMakeFiles/SEG.dir/D_/pico-env/pico-sdk/lib/tinyusb/src/device/usbd.c.obj
 .rodata.__func__.6584
                0x10008d0c       0x10 CMakeFiles/SEG.dir/D_/pico-env/pico-sdk/lib/tinyusb/src/device/usbd.c.obj
 .rodata.__func__.7382
                0x10008d1c        0x9 CMakeFiles/SEG.dir/D_/pico-env/pico-sdk/lib/tinyusb/src/device/usbd.c.obj
 *fill*         0x10008d25        0x3 
 .rodata.__func__.7403
                0x10008d28       0x18 CMakeFiles/SEG.dir/D_/pico-env/pico-sdk/lib/tinyusb/src/device/usbd.c.obj
 .rodata.__func__.7446
                0x10008d40       0x13 CMakeFiles/SEG.dir/D_/pico-env/pico-sdk/lib/tinyusb/src/device/usbd.c.obj
 *fill*         0x10008d53        0x1 
 .rodata.__func__.7481
                0x10008d54       0x17 CMakeFiles/SEG.dir/D_/pico-env/pico-sdk/lib/tinyusb/src/device/usbd.c.obj
 *fill*         0x10008d6b        0x1 
 .rodata.__func__.7535
                0x10008d6c       0x14 CMakeFiles/SEG.dir/D_/pico-env/pico-sdk/lib/tinyusb/src/device/usbd.c.obj
 .rodata.__func__.7549
                0x10008d80        0xf CMakeFiles/SEG.dir/D_/pico-env/pico-sdk/lib/tinyusb/src/device/usbd.c.obj
 *fill*         0x10008d8f        0x1 
 .rodata.__func__.7572
                0x10008d90        0xf CMakeFiles/SEG.dir/D_/pico-env/pico-sdk/lib/tinyusb/src/device/usbd.c.obj
 *fill*         0x10008d9f        0x1 
 .rodata._usbd_driver
                0x10008da0       0x18 CMakeFiles/SEG.dir/D_/pico-env/pico-sdk/lib/tinyusb/src/device/usbd.c.obj
 .rodata.tud_control_xfer.str1.4
                0x10008db8       0x17 CMakeFiles/SEG.dir/D_/pico-env/pico-sdk/lib/tinyusb/src/device/usbd_control.c.obj
 .rodata.__func__.7297
                0x10008db8       0x11 CMakeFiles/SEG.dir/D_/pico-env/pico-sdk/lib/tinyusb/src/device/usbd_control.c.obj
 *fill*         0x10008dc9        0x3 
 .rodata.__func__.7324
                0x10008dcc       0x15 CMakeFiles/SEG.dir/D_/pico-env/pico-sdk/lib/tinyusb/src/device/usbd_control.c.obj
 .rodata.tud_cdc_n_write_flush.str1.4
                0x10008de1       0x17 CMakeFiles/SEG.dir/D_/pico-env/pico-sdk/lib/tinyusb/src/class/cdc/cdc_device.c.obj
 *fill*         0x10008de1        0x3 
 .rodata.__func__.7233
                0x10008de4       0x16 CMakeFiles/SEG.dir/D_/pico-env/pico-sdk/lib/tinyusb/src/class/cdc/cdc_device.c.obj
 *fill*         0x10008dfa        0x2 
 .rodata.__func__.7266
                0x10008dfc        0xa CMakeFiles/SEG.dir/D_/pico-env/pico-sdk/lib/tinyusb/src/class/cdc/cdc_device.c.obj
 *fill*         0x10008e06        0x2 
 .rodata.__func__.7301
                0x10008e08        0xd CMakeFiles/SEG.dir/D_/pico-env/pico-sdk/lib/tinyusb/src/class/cdc/cdc_device.c.obj
 .rodata.tusb_init.str1.4
                0x10008e15       0x17 CMakeFiles/SEG.dir/D_/pico-env/pico-sdk/lib/tinyusb/src/tusb.c.obj
 *fill*         0x10008e15        0x3 
 .rodata.__func__.7170
                0x10008e18        0xa CMakeFiles/SEG.dir/D_/pico-env/pico-sdk/lib/tinyusb/src/tusb.c.obj
 *fill*         0x10008e22        0x2 
 .rodata.__func__.7182
                0x10008e24       0x11 CMakeFiles/SEG.dir/D_/pico-env/pico-sdk/lib/tinyusb/src/tusb.c.obj
 *fill*         0x10008e35        0x3 
 .rodata.pico_get_unique_board_id_string.str1.4
                0x10008e38       0x47 CMakeFiles/SEG.dir/D_/pico-env/pico-sdk/src/rp2_common/pico_unique_id/unique_id.c.obj
 *fill*         0x10008e7f        0x1 
 .rodata.__func__.4298
                0x10008e80       0x20 CMakeFiles/SEG.dir/D_/pico-env/pico-sdk/src/rp2_common/pico_unique_id/unique_id.c.obj
 .rodata.str1.4
                0x10008ea0      0x152 CMakeFiles/SEG.dir/D_/pico-env/pico-sdk/src/rp2_common/hardware_flash/flash.c.obj
 *fill*         0x10008ff2        0x2 
 .rodata.__func__.4472
                0x10008ff4        0xd CMakeFiles/SEG.dir/D_/pico-env/pico-sdk/src/rp2_common/hardware_flash/flash.c.obj
                0x10009004                . = ALIGN (0x4)
 *fill*         0x10009001        0x3 
 *(SORT_BY_ALIGNMENT(SORT_BY_NAME(.flashdata*)))
                0x10009004                . = ALIGN (0x4)

.rel.dyn        0x10009004        0x0
 .rel.iplt      0x10009004        0x0 d:/9 2019-q4-major/bin/../lib/gcc/arm-none-eabi/9.2.1/thumb/v6-m/nofp/crtbegin.o

.ARM.extab
 *(.ARM.extab* .gnu.linkonce.armextab.*)
                0x10009004                __exidx_start = .

.ARM.exidx
 *(.ARM.exidx* .gnu.linkonce.armexidx.*)
                0x10009004                __exidx_end = .
                0x10009004                . = ALIGN (0x4)
                0x10009004                __binary_info_start = .

.binary_info    0x10009004       0x20
 *(.binary_info.keep.*)
 .binary_info.keep.__bi_ptr22
                0x10009004        0x4 CMakeFiles/SEG.dir/D_/pico-env/pico-sdk/src/rp2_common/pico_standard_link/binary_info.c.obj
 .binary_info.keep.__bi_ptr30
                0x10009008        0x4 CMakeFiles/SEG.dir/D_/pico-env/pico-sdk/src/rp2_common/pico_standard_link/binary_info.c.obj
 .binary_info.keep.__bi_ptr38
                0x1000900c        0x4 CMakeFiles/SEG.dir/D_/pico-env/pico-sdk/src/rp2_common/pico_standard_link/binary_info.c.obj
 .binary_info.keep.__bi_ptr44
                0x10009010        0x4 CMakeFiles/SEG.dir/D_/pico-env/pico-sdk/src/rp2_common/pico_standard_link/binary_info.c.obj
 .binary_info.keep.__bi_ptr50
                0x10009014        0x4 CMakeFiles/SEG.dir/D_/pico-env/pico-sdk/src/rp2_common/pico_standard_link/binary_info.c.obj
 .binary_info.keep.__bi_ptr75
                0x10009018        0x4 CMakeFiles/SEG.dir/D_/pico-env/pico-sdk/src/rp2_common/pico_standard_link/binary_info.c.obj
 .binary_info.keep.__bi_ptr81
                0x1000901c        0x4 CMakeFiles/SEG.dir/D_/pico-env/pico-sdk/src/rp2_common/pico_standard_link/binary_info.c.obj
 *(.binary_info.*)
 .binary_info.__bi_ptr118
                0x10009020        0x4 CMakeFiles/SEG.dir/D_/pico-env/pico-sdk/src/rp2_common/pico_stdio_usb/stdio_usb.c.obj
                0x10009024                __binary_info_end = .
                0x10009024                . = ALIGN (0x4)
                0x10009024                __etext = .

.ram_vector_table
                0x20000000       0xc0
 *(.ram_vector_table)
 .ram_vector_table
                0x20000000       0xc0 CMakeFiles/SEG.dir/D_/pico-env/pico-sdk/src/rp2_common/pico_runtime/runtime.c.obj
                0x20000000                ram_vector_table

.data           0x200000c0      0x4a0 load address 0x10009024
                0x200000c0                __data_start__ = .
 *(vtable)
 *(.time_critical*)
 .time_critical.spi_write_blocking
                0x200000c0       0x3a CMakeFiles/SEG.dir/D_/pico-env/pico-sdk/src/rp2_common/hardware_spi/spi.c.obj
                0x200000c0                spi_write_blocking
 .time_critical.mutex_enter_blocking
                0x200000fa       0x48 CMakeFiles/SEG.dir/D_/pico-env/pico-sdk/src/common/pico_sync/mutex.c.obj
                0x200000fa                mutex_enter_blocking
 .time_critical.mutex_try_enter
                0x20000142       0x48 CMakeFiles/SEG.dir/D_/pico-env/pico-sdk/src/common/pico_sync/mutex.c.obj
                0x20000142                mutex_try_enter
 *fill*         0x2000018a        0x2 
 .time_critical.mutex_enter_block_until
                0x2000018c       0x88 CMakeFiles/SEG.dir/D_/pico-env/pico-sdk/src/common/pico_sync/mutex.c.obj
                0x2000018c                mutex_enter_block_until
 .time_critical.mutex_enter_timeout_ms
                0x20000214       0x78 CMakeFiles/SEG.dir/D_/pico-env/pico-sdk/src/common/pico_sync/mutex.c.obj
                0x20000214                mutex_enter_timeout_ms
 .time_critical.mutex_exit
                0x2000028c       0x4c CMakeFiles/SEG.dir/D_/pico-env/pico-sdk/src/common/pico_sync/mutex.c.obj
                0x2000028c                mutex_exit
 .time_critical.flash_init_boot2_copyout
                0x200002d8       0x30 CMakeFiles/SEG.dir/D_/pico-env/pico-sdk/src/rp2_common/hardware_flash/flash.c.obj
 .time_critical.flash_enable_xip_via_boot2
                0x20000308       0x10 CMakeFiles/SEG.dir/D_/pico-env/pico-sdk/src/rp2_common/hardware_flash/flash.c.obj
 .time_critical.flash_cs_force
                0x20000318       0x28 CMakeFiles/SEG.dir/D_/pico-env/pico-sdk/src/rp2_common/hardware_flash/flash.c.obj
 .time_critical.flash_do_cmd
                0x20000340       0xd8 CMakeFiles/SEG.dir/D_/pico-env/pico-sdk/src/rp2_common/hardware_flash/flash.c.obj
                0x20000340                flash_do_cmd
 *(.text*)
 .text          0x20000418        0x4 d:/9 2019-q4-major/bin/../lib/gcc/arm-none-eabi/9.2.1/thumb/v6-m/nofp\libgcc.a(_dvmd_tls.o)
                0x20000418                __aeabi_idiv0
                0x20000418                __aeabi_ldiv0
 *fill*         0x2000041c        0x4 
 .text.__stub   0x20000420       0x40 linker stubs
                0x20000460                . = ALIGN (0x4)
 *(.rodata*)
                0x20000460                . = ALIGN (0x4)
 *(.data*)
 .data.striped_spin_lock_num
                0x20000460        0x1 CMakeFiles/SEG.dir/D_/pico-env/pico-sdk/src/rp2_common/hardware_sync/sync.c.obj
 *fill*         0x20000461        0x3 
 .data          0x20000464       0x48 CMakeFiles/SEG.dir/D_/pico-env/pico-sdk/src/rp2_common/hardware_irq/irq_handler_chain.S.obj
                0x20000464                irq_handler_chain_slots
                0x20000494                irq_handler_chain_first_slot
                0x2000049e                irq_handler_chain_remove_tail
 .data.default_alarm_pool
                0x200004ac       0x18 CMakeFiles/SEG.dir/D_/pico-env/pico-sdk/src/common/pico_time/time.c.obj
 .data.default_alarm_pool_heap
                0x200004c4       0x10 CMakeFiles/SEG.dir/D_/pico-env/pico-sdk/src/common/pico_time/time.c.obj
 *fill*         0x200004d4        0xc 
 .data.aeabi_bits_funcs
                0x200004e0       0x10 CMakeFiles/SEG.dir/D_/pico-env/pico-sdk/src/rp2_common/pico_bit_ops/bit_ops_aeabi.S.obj
                0x200004e0                aeabi_bits_funcs
                0x200004f0                aeabi_bits_funcs_end
 .data.aeabi_mem_funcs
                0x200004f0       0x10 CMakeFiles/SEG.dir/D_/pico-env/pico-sdk/src/rp2_common/pico_mem_ops/mem_ops_aeabi.S.obj
                0x200004f0                aeabi_mem_funcs
                0x20000500                aeabi_mem_funcs_end
 .data.stdio_usb
                0x20000500       0x14 CMakeFiles/SEG.dir/D_/pico-env/pico-sdk/src/rp2_common/pico_stdio_usb/stdio_usb.c.obj
                0x20000500                stdio_usb
 .data.ep_dir_string
                0x20000514        0x8 CMakeFiles/SEG.dir/D_/pico-env/pico-sdk/lib/tinyusb/src/portable/raspberrypi/rp2040/rp2040_usb.c.obj
                0x20000514                ep_dir_string
 .data._usbd_qdef
                0x2000051c       0x24 CMakeFiles/SEG.dir/D_/pico-env/pico-sdk/lib/tinyusb/src/device/usbd.c.obj
                0x2000051c                _usbd_qdef
                0x20000540                . = ALIGN (0x4)
 *(.after_data.*)
                0x20000540                . = ALIGN (0x4)
                0x20000540                PROVIDE (__mutex_array_start = .)
 *(SORT_BY_NAME(.mutex_array.*))
 *(.mutex_array)
 .mutex_array   0x20000540        0x8 CMakeFiles/SEG.dir/D_/pico-env/pico-sdk/src/rp2_common/pico_stdio/stdio.c.obj
                0x20000548                PROVIDE (__mutex_array_end = .)
                0x20000548                . = ALIGN (0x4)
                0x20000548                PROVIDE (__preinit_array_start = .)
 *(SORT_BY_NAME(.preinit_array.*))
 .preinit_array.00001
                0x20000548        0x4 CMakeFiles/SEG.dir/D_/pico-env/pico-sdk/src/rp2_common/pico_mem_ops/mem_ops_aeabi.S.obj
 .preinit_array.00010
                0x2000054c        0x4 CMakeFiles/SEG.dir/D_/pico-env/pico-sdk/src/rp2_common/pico_bit_ops/bit_ops_aeabi.S.obj
 .preinit_array.00020
                0x20000550        0x4 CMakeFiles/SEG.dir/D_/pico-env/pico-sdk/src/rp2_common/pico_double/double_aeabi.S.obj
 .preinit_array.00020
                0x20000554        0x4 CMakeFiles/SEG.dir/D_/pico-env/pico-sdk/src/rp2_common/pico_float/float_aeabi.S.obj
 *(.preinit_array)
                0x20000558                PROVIDE (__preinit_array_end = .)
                0x20000558                . = ALIGN (0x4)
                0x20000558                PROVIDE (__init_array_start = .)
 *(SORT_BY_NAME(.init_array.*))
 *(.init_array)
 .init_array    0x20000558        0x4 d:/9 2019-q4-major/bin/../lib/gcc/arm-none-eabi/9.2.1/thumb/v6-m/nofp/crtbegin.o
 .init_array    0x2000055c        0x4 CMakeFiles/SEG.dir/D_/pico-env/pico-sdk/src/rp2_common/pico_unique_id/unique_id.c.obj
                0x20000560                PROVIDE (__init_array_end = .)
                0x20000560                . = ALIGN (0x4)
                [!provide]                PROVIDE (__fini_array_start = .)
 *(SORT_BY_NAME(.fini_array.*))
 *(.fini_array)
                [!provide]                PROVIDE (__fini_array_end = .)
 *(.jcr)
                0x20000560                . = ALIGN (0x4)
                0x20000560                __data_end__ = .

.igot.plt       0x20000560        0x0 load address 0x100094c4
 .igot.plt      0x20000560        0x0 d:/9 2019-q4-major/bin/../lib/gcc/arm-none-eabi/9.2.1/thumb/v6-m/nofp/crtbegin.o

.uninitialized_data
                0x20000560        0x0 load address 0x100094c4
                0x20000560                . = ALIGN (0x4)
 *(.uninitialized_data*)

.scratch_x      0x20040000        0x0 load address 0x100094c4
                0x20040000                __scratch_x_start__ = .
 *(.scratch_x.*)
                0x20040000                . = ALIGN (0x4)
                0x20040000                __scratch_x_end__ = .
                0x100094c4                __scratch_x_source__ = LOADADDR (.scratch_x)

.scratch_y      0x20041000        0x0 load address 0x100094c4
                0x20041000                __scratch_y_start__ = .
 *(.scratch_y.*)
                0x20041000                . = ALIGN (0x4)
                0x20041000                __scratch_y_end__ = .
                0x100094c4                __scratch_y_source__ = LOADADDR (.scratch_y)

.bss            0x20000560      0xd8c
                0x20000560                . = ALIGN (0x4)
                0x20000560                __bss_start__ = .
 *(SORT_BY_ALIGNMENT(SORT_BY_NAME(.bss*)))
 .bss.default_alarm_pool_entries
                0x20000560      0x100 CMakeFiles/SEG.dir/D_/pico-env/pico-sdk/src/common/pico_time/time.c.obj
 .bss.last_avail_time.7231
                0x20000660        0x8 CMakeFiles/SEG.dir/D_/pico-env/pico-sdk/src/rp2_common/pico_stdio_usb/stdio_usb.c.obj
 .bss           0x20000668       0x1c d:/9 2019-q4-major/bin/../lib/gcc/arm-none-eabi/9.2.1/thumb/v6-m/nofp/crtbegin.o
 .bss.LED_level.6322
                0x20000684        0x4 CMakeFiles/SEG.dir/SEG.c.obj
 .bss._app_driver
                0x20000688        0x4 CMakeFiles/SEG.dir/D_/pico-env/pico-sdk/lib/tinyusb/src/device/usbd.c.obj
 .bss._cdcd_itf
                0x2000068c      0x2d8 CMakeFiles/SEG.dir/D_/pico-env/pico-sdk/lib/tinyusb/src/class/cdc/cdc_device.c.obj
 .bss._ctrl_xfer
                0x20000964       0x14 CMakeFiles/SEG.dir/D_/pico-env/pico-sdk/lib/tinyusb/src/device/usbd_control.c.obj
 .bss._ubsd_mutexdef
                0x20000978        0x8 CMakeFiles/SEG.dir/D_/pico-env/pico-sdk/lib/tinyusb/src/device/usbd.c.obj
 .bss._usbd_ctrl_buf
                0x20000980       0x40 CMakeFiles/SEG.dir/D_/pico-env/pico-sdk/lib/tinyusb/src/device/usbd_control.c.obj
 .bss._usbd_dev
                0x200009c0       0x53 CMakeFiles/SEG.dir/D_/pico-env/pico-sdk/lib/tinyusb/src/device/usbd.c.obj
 *fill*         0x20000a13        0x1 
 .bss._usbd_mutex
                0x20000a14        0x4 CMakeFiles/SEG.dir/D_/pico-env/pico-sdk/lib/tinyusb/src/device/usbd.c.obj
 .bss._usbd_q   0x20000a18        0x4 CMakeFiles/SEG.dir/D_/pico-env/pico-sdk/lib/tinyusb/src/device/usbd.c.obj
 .bss.alarm_callbacks
                0x20000a1c       0x10 CMakeFiles/SEG.dir/D_/pico-env/pico-sdk/src/rp2_common/hardware_timer/timer.c.obj
 .bss.boot2_copyout
                0x20000a2c      0x100 CMakeFiles/SEG.dir/D_/pico-env/pico-sdk/src/rp2_common/hardware_flash/flash.c.obj
 .bss.claimed   0x20000b2c        0x4 CMakeFiles/SEG.dir/D_/pico-env/pico-sdk/src/rp2_common/hardware_sync/sync.c.obj
 .bss.configured_freq
                0x20000b30       0x28 CMakeFiles/SEG.dir/D_/pico-env/pico-sdk/src/rp2_common/hardware_clocks/clocks.c.obj
 .bss.default_alarm_pool_entry_ids_high
                0x20000b58       0x10 CMakeFiles/SEG.dir/D_/pico-env/pico-sdk/src/common/pico_time/time.c.obj
 .bss.default_alarm_pool_heap_nodes
                0x20000b68       0x30 CMakeFiles/SEG.dir/D_/pico-env/pico-sdk/src/common/pico_time/time.c.obj
 .bss.desc_str.7113
                0x20000b98       0x28 CMakeFiles/SEG.dir/D_/pico-env/pico-sdk/src/rp2_common/pico_stdio_usb/stdio_usb_descriptors.c.obj
 .bss.drivers   0x20000bc0        0x4 CMakeFiles/SEG.dir/D_/pico-env/pico-sdk/src/rp2_common/pico_stdio/stdio.c.obj
 .bss.filter    0x20000bc4        0x4 CMakeFiles/SEG.dir/D_/pico-env/pico-sdk/src/rp2_common/pico_stdio/stdio.c.obj
 .bss.hw_endpoints
                0x20000bc8      0x400 CMakeFiles/SEG.dir/D_/pico-env/pico-sdk/lib/tinyusb/src/portable/raspberrypi/rp2040/dcd_rp2040.c.obj